Component: ARM Compiler 5.06 update 5 (build 528) Tool: armlink [4d35e2]

==============================================================================

Section Cross References

    startup_stm32f103xb.o(RESET) refers to startup_stm32f103xb.o(STACK) for __initial_sp
    startup_stm32f103xb.o(RESET) refers to startup_stm32f103xb.o(.text) for Reset_Handler
    startup_stm32f103xb.o(RESET) refers to stm32f1xx_it.o(i.NMI_Handler) for NMI_Handler
    startup_stm32f103xb.o(RESET) refers to stm32f1xx_it.o(i.HardFault_Handler) for HardFault_Handler
    startup_stm32f103xb.o(RESET) refers to stm32f1xx_it.o(i.MemManage_Handler) for MemManage_Handler
    startup_stm32f103xb.o(RESET) refers to stm32f1xx_it.o(i.BusFault_Handler) for BusFault_Handler
    startup_stm32f103xb.o(RESET) refers to stm32f1xx_it.o(i.UsageFault_Handler) for UsageFault_Handler
    startup_stm32f103xb.o(RESET) refers to port.o(.emb_text) for SVC_Handler
    startup_stm32f103xb.o(RESET) refers to stm32f1xx_it.o(i.DebugMon_Handler) for DebugMon_Handler
    startup_stm32f103xb.o(RESET) refers to stm32f1xx_it.o(i.SysTick_Handler) for SysTick_Handler
    startup_stm32f103xb.o(RESET) refers to stm32f1xx_it.o(i.EXTI2_IRQHandler) for EXTI2_IRQHandler
    startup_stm32f103xb.o(RESET) refers to stm32f1xx_it.o(i.EXTI9_5_IRQHandler) for EXTI9_5_IRQHandler
    startup_stm32f103xb.o(RESET) refers to stm32f1xx_it.o(i.USART3_IRQHandler) for USART3_IRQHandler
    startup_stm32f103xb.o(.text) refers to system_stm32f1xx.o(i.SystemInit) for SystemInit
    startup_stm32f103xb.o(.text) refers to entry.o(.ARM.Collect$$$$00000000) for __main
    system_stm32f1xx.o(i.SystemCoreClockUpdate) refers to system_stm32f1xx.o(.data) for .data
    system_stm32f1xx.o(i.SystemCoreClockUpdate) refers to system_stm32f1xx.o(.constdata) for .constdata
    stm32f1xx_hal.o(i.HAL_DeInit) refers to stm32f1xx_hal.o(i.HAL_MspDeInit) for HAL_MspDeInit
    stm32f1xx_hal.o(i.HAL_Delay) refers to stm32f1xx_hal.o(i.HAL_GetTick) for HAL_GetTick
    stm32f1xx_hal.o(i.HAL_Delay) refers to stm32f1xx_hal.o(.data) for .data
    stm32f1xx_hal.o(i.HAL_GetTick) refers to stm32f1xx_hal.o(.data) for .data
    stm32f1xx_hal.o(i.HAL_GetTickFreq) refers to stm32f1xx_hal.o(.data) for .data
    stm32f1xx_hal.o(i.HAL_GetTickPrio) refers to stm32f1xx_hal.o(.data) for .data
    stm32f1xx_hal.o(i.HAL_IncTick) refers to stm32f1xx_hal.o(.data) for .data
    stm32f1xx_hal.o(i.HAL_Init) refers to stm32f1xx_hal_cortex.o(i.HAL_NVIC_SetPriorityGrouping) for HAL_NVIC_SetPriorityGrouping
    stm32f1xx_hal.o(i.HAL_Init) refers to stm32f1xx_hal.o(i.HAL_InitTick) for HAL_InitTick
    stm32f1xx_hal.o(i.HAL_Init) refers to stm32f1xx_hal_msp.o(i.HAL_MspInit) for HAL_MspInit
    stm32f1xx_hal.o(i.HAL_InitTick) refers to stm32f1xx_hal_cortex.o(i.HAL_SYSTICK_Config) for HAL_SYSTICK_Config
    stm32f1xx_hal.o(i.HAL_InitTick) refers to stm32f1xx_hal_cortex.o(i.HAL_NVIC_SetPriority) for HAL_NVIC_SetPriority
    stm32f1xx_hal.o(i.HAL_InitTick) refers to stm32f1xx_hal.o(.data) for .data
    stm32f1xx_hal.o(i.HAL_InitTick) refers to system_stm32f1xx.o(.data) for SystemCoreClock
    stm32f1xx_hal.o(i.HAL_SetTickFreq) refers to stm32f1xx_hal.o(i.HAL_InitTick) for HAL_InitTick
    stm32f1xx_hal.o(i.HAL_SetTickFreq) refers to stm32f1xx_hal.o(.data) for .data
    stm32f1xx_hal_rcc.o(i.HAL_RCC_ClockConfig) refers to stm32f1xx_hal.o(i.HAL_GetTick) for HAL_GetTick
    stm32f1xx_hal_rcc.o(i.HAL_RCC_ClockConfig) refers to stm32f1xx_hal_rcc.o(i.HAL_RCC_GetSysClockFreq) for HAL_RCC_GetSysClockFreq
    stm32f1xx_hal_rcc.o(i.HAL_RCC_ClockConfig) refers to stm32f1xx_hal.o(i.HAL_InitTick) for HAL_InitTick
    stm32f1xx_hal_rcc.o(i.HAL_RCC_ClockConfig) refers to system_stm32f1xx.o(.constdata) for AHBPrescTable
    stm32f1xx_hal_rcc.o(i.HAL_RCC_ClockConfig) refers to system_stm32f1xx.o(.data) for SystemCoreClock
    stm32f1xx_hal_rcc.o(i.HAL_RCC_ClockConfig) refers to stm32f1xx_hal.o(.data) for uwTickPrio
    stm32f1xx_hal_rcc.o(i.HAL_RCC_DeInit) refers to stm32f1xx_hal.o(i.HAL_GetTick) for HAL_GetTick
    stm32f1xx_hal_rcc.o(i.HAL_RCC_DeInit) refers to stm32f1xx_hal.o(i.HAL_InitTick) for HAL_InitTick
    stm32f1xx_hal_rcc.o(i.HAL_RCC_DeInit) refers to system_stm32f1xx.o(.data) for SystemCoreClock
    stm32f1xx_hal_rcc.o(i.HAL_RCC_DeInit) refers to stm32f1xx_hal.o(.data) for uwTickPrio
    stm32f1xx_hal_rcc.o(i.HAL_RCC_GetHCLKFreq) refers to system_stm32f1xx.o(.data) for SystemCoreClock
    stm32f1xx_hal_rcc.o(i.HAL_RCC_GetPCLK1Freq) refers to system_stm32f1xx.o(.data) for SystemCoreClock
    stm32f1xx_hal_rcc.o(i.HAL_RCC_GetPCLK1Freq) refers to system_stm32f1xx.o(.constdata) for APBPrescTable
    stm32f1xx_hal_rcc.o(i.HAL_RCC_GetPCLK2Freq) refers to system_stm32f1xx.o(.data) for SystemCoreClock
    stm32f1xx_hal_rcc.o(i.HAL_RCC_GetPCLK2Freq) refers to system_stm32f1xx.o(.constdata) for APBPrescTable
[...]
    xDelayedTaskList2                        0x200001f0   Data          20  tasks.o(.bss)
    xPendingReadyList                        0x20000204   Data          20  tasks.o(.bss)
    xTasksWaitingTermination                 0x20000218   Data          20  tasks.o(.bss)
    xSuspendedTaskList                       0x2000022c   Data          20  tasks.o(.bss)
    .bss                                     0x20000240   Section     3072  heap_4.o(.bss)
    ucHeap                                   0x20000240   Data        3072  heap_4.o(.bss)
    .bss                                     0x20000e40   Section       16  inv_mpu_dmp_motion_driver.o(.bss)
    dmp                                      0x20000e40   Data          16  inv_mpu_dmp_motion_driver.o(.bss)
    .bss                                     0x20000e50   Section       20  main.o(.bss)
    .bss                                     0x20000e64   Section      596  freertos.o(.bss)
    xIdleTaskTCBBuffer                       0x20000e64   Data          84  freertos.o(.bss)
    xIdleStack                               0x20000eb8   Data         512  freertos.o(.bss)
    .bss                                     0x200010b8   Section       84  i2c.o(.bss)
    .bss                                     0x2000110c   Section      288  tim.o(.bss)
    .bss                                     0x2000122c   Section       72  usart.o(.bss)
    STACK                                    0x20001278   Section     1024  startup_stm32f103xb.o(STACK)

    Global Symbols

    Symbol Name                              Value     Ov Type        Size  Object(Section)

    BuildAttributes$$THM_ISAv4$P$D$K$B$S$PE$A:L22UL41UL21$X:L11$S22US41US21$IEEE1$IW$USESV6$~STKCKD$USESV7$~SHL$OTIME$ROPI$IEEEX$EBA8$MICROLIB$REQ8$PRES8$EABIv2 0x00000000   Number         0  anon$$obj.o ABSOLUTE
    __ARM_use_no_argv                        0x00000000   Number         0  main.o ABSOLUTE
    _printf_a                                0x00000000   Number         0  stubs.o ABSOLUTE
    _printf_c                                0x00000000   Number         0  stubs.o ABSOLUTE
    _printf_charcount                        0x00000000   Number         0  stubs.o ABSOLUTE
    _printf_d                                0x00000000   Number         0  stubs.o ABSOLUTE
    _printf_e                                0x00000000   Number         0  stubs.o ABSOLUTE
    _printf_f                                0x00000000   Number         0  stubs.o ABSOLUTE
    _printf_flags                            0x00000000   Number         0  stubs.o ABSOLUTE
    _printf_fp_dec                           0x00000000   Number         0  stubs.o ABSOLUTE
    _printf_fp_hex                           0x00000000   Number         0  stubs.o ABSOLUTE
    _printf_g                                0x00000000   Number         0  stubs.o ABSOLUTE
    _printf_i                                0x00000000   Number         0  stubs.o ABSOLUTE
    _printf_int_dec                          0x00000000   Number         0  stubs.o ABSOLUTE
    _printf_l                                0x00000000   Number         0  stubs.o ABSOLUTE
    _printf_lc                               0x00000000   Number         0  stubs.o ABSOLUTE
    _printf_ll                               0x00000000   Number         0  stubs.o ABSOLUTE
    _printf_lld                              0x00000000   Number         0  stubs.o ABSOLUTE
    _printf_lli                              0x00000000   Number         0  stubs.o ABSOLUTE
    _printf_llo                              0x00000000   Number         0  stubs.o ABSOLUTE
    _printf_llu                              0x00000000   Number         0  stubs.o ABSOLUTE
    _printf_llx                              0x00000000   Number         0  stubs.o ABSOLUTE
    _printf_longlong_dec                     0x00000000   Number         0  stubs.o ABSOLUTE
    _printf_longlong_hex                     0x00000000   Number         0  stubs.o ABSOLUTE
    _printf_longlong_oct                     0x00000000   Number         0  stubs.o ABSOLUTE
    _printf_ls                               0x00000000   Number         0  stubs.o ABSOLUTE
    _printf_mbtowc                           0x00000000   Number         0  stubs.o ABSOLUTE
    _printf_n                                0x00000000   Number         0  stubs.o ABSOLUTE
    _printf_o                                0x00000000   Number         0  stubs.o ABSOLUTE
    _printf_p                                0x00000000   Number         0  stubs.o ABSOLUTE
    _printf_percent                          0x00000000   Number         0  stubs.o ABSOLUTE
    _printf_pre_padding                      0x00000000   Number         0  stubs.o ABSOLUTE
    _printf_return_value                     0x00000000   Number         0  stubs.o ABSOLUTE
    _printf_s                                0x00000000   Number         0  stubs.o ABSOLUTE
    _printf_sizespec                         0x00000000   Number         0  stubs.o ABSOLUTE
    _printf_str                              0x00000000   Number         0  stubs.o ABSOLUTE
    _printf_truncate_signed                  0x00000000   Number         0  stubs.o ABSOLUTE
    _printf_truncate_unsigned                0x00000000   Number         0  stubs.o ABSOLUTE
    _printf_u                                0x00000000   Number         0  stubs.o ABSOLUTE
    _printf_wc                               0x00000000   Number         0  stubs.o ABSOLUTE
    _printf_wctomb                           0x00000000   Number         0  stubs.o ABSOLUTE
    _printf_widthprec                        0x00000000   Number         0  stubs.o ABSOLUTE
    _printf_x                                0x00000000   Number         0  stubs.o ABSOLUTE
    __cpp_initialize__aeabi_                  - Undefined Weak Reference
    __cxa_finalize                            - Undefined Weak Reference
    _clock_init                               - Undefined Weak Reference
    _microlib_exit                            - Undefined Weak Reference
    __Vectors_Size                           0x000000ec   Number         0  startup_stm32f103xb.o ABSOLUTE
    __Vectors                                0x08000000   Data           4  startup_stm32f103xb.o(RESET)
    __Vectors_End                            0x080000ec   Data           0  startup_stm32f103xb.o(RESET)
    __main                                   0x080000ed   Thumb Code     0  entry.o(.ARM.Collect$$$$00000000)
    _main_stk                                0x080000ed   Thumb Code     0  entry2.o(.ARM.Collect$$$$00000001)
    _main_scatterload                        0x080000f1   Thumb Code     0  entry5.o(.ARM.Collect$$$$00000004)
    __main_after_scatterload                 0x080000f5   Thumb Code     0  entry5.o(.ARM.Collect$$$$00000004)
    _main_clock                              0x080000f5   Thumb Code     0  entry7b.o(.ARM.Collect$$$$00000008)
    _main_cpp_init                           0x080000f5   Thumb Code     0  entry8b.o(.ARM.Collect$$$$0000000A)
    _main_init                               0x080000f5   Thumb Code     0  entry9a.o(.ARM.Collect$$$$0000000B)
    __rt_final_cpp                           0x080000fd   Thumb Code     0  entry10a.o(.ARM.Collect$$$$0000000D)
    __rt_final_exit                          0x080000fd   Thumb Code     0  entry11a.o(.ARM.Collect$$$$0000000F)
    SVC_Handler                              0x08000101   Thumb Code    32  port.o(.emb_text)
    __asm___6_port_c_39a90d8d__prvStartFirstTask 0x08000125   Thumb Code    28  port.o(.emb_text)
    PendSV_Handler                           0x08000145   Thumb Code    72  port.o(.emb_text)
    vPortGetIPSR                             0x08000191   Thumb Code     6  port.o(.emb_text)
    Reset_Handler                            0x08000199   Thumb Code     8  startup_stm32f103xb.o(.text)
    ADC1_2_IRQHandler                        0x080001b3   Thumb Code     0  startup_stm32f103xb.o(.text)
    CAN1_RX1_IRQHandler                      0x080001b3   Thumb Code     0  startup_stm32f103xb.o(.text)
    CAN1_SCE_IRQHandler                      0x080001b3   Thumb Code     0  startup_stm32f103xb.o(.text)
    DMA1_Channel1_IRQHandler                 0x080001b3   Thumb Code     0  startup_stm32f103xb.o(.text)
    DMA1_Channel2_IRQHandler                 0x080001b3   Thumb Code     0  startup_stm32f103xb.o(.text)
    DMA1_Channel3_IRQHandler                 0x080001b3   Thumb Code     0  startup_stm32f103xb.o(.text)
    DMA1_Channel4_IRQHandler                 0x080001b3   Thumb Code     0  startup_stm32f103xb.o(.text)
    DMA1_Channel5_IRQHandler                 0x080001b3   Thumb Code     0  startup_stm32f103xb.o(.text)
    DMA1_Channel6_IRQHandler                 0x080001b3   Thumb Code     0  startup_stm32f103xb.o(.text)
    DMA1_Channel7_IRQHandler                 0x080001b3   Thumb Code     0  startup_stm32f103xb.o(.text)
    EXTI0_IRQHandler                         0x080001b3   Thumb Code     0  startup_stm32f103xb.o(.text)
    EXTI15_10_IRQHandler                     0x080001b3   Thumb Code     0  startup_stm32f103xb.o(.text)
    EXTI1_IRQHandler                         0x080001b3   Thumb Code     0  startup_stm32f103xb.o(.text)
    EXTI3_IRQHandler                         0x080001b3   Thumb Code     0  startup_stm32f103xb.o(.text)
    EXTI4_IRQHandler                         0x080001b3   Thumb Code     0  startup_stm32f103xb.o(.text)
    FLASH_IRQHandler                         0x080001b3   Thumb Code     0  startup_stm32f103xb.o(.text)
    I2C1_ER_IRQHandler                       0x080001b3   Thumb Code     0  startup_stm32f103xb.o(.text)
    I2C1_EV_IRQHandler                       0x080001b3   Thumb Code     0  startup_stm32f103xb.o(.text)
    I2C2_ER_IRQHandler                       0x080001b3   Thumb Code     0  startup_stm32f103xb.o(.text)
    I2C2_EV_IRQHandler                       0x080001b3   Thumb Code     0  startup_stm32f103xb.o(.text)
    PVD_IRQHandler                           0x080001b3   Thumb Code     0  startup_stm32f103xb.o(.text)
    RCC_IRQHandler                           0x080001b3   Thumb Code     0  startup_stm32f103xb.o(.text)
    RTC_Alarm_IRQHandler                     0x080001b3   Thumb Code     0  startup_stm32f103xb.o(.text)
    RTC_IRQHandler                           0x080001b3   Thumb Code     0  startup_stm32f103xb.o(.text)
    SPI1_IRQHandler                          0x080001b3   Thumb Code     0  startup_stm32f103xb.o(.text)
    SPI2_IRQHandler                          0x080001b3   Thumb Code     0  startup_stm32f103xb.o(.text)
    TAMPER_IRQHandler                        0x080001b3   Thumb Code     0  startup_stm32f103xb.o(.text)
    TIM1_BRK_IRQHandler                      0x080001b3   Thumb Code     0  startup_stm32f103xb.o(.text)
    TIM1_CC_IRQHandler                       0x080001b3   Thumb Code     0  startup_stm32f103xb.o(.text)
    TIM1_TRG_COM_IRQHandler                  0x080001b3   Thumb Code     0  startup_stm32f103xb.o(.text)
    TIM1_UP_IRQHandler                       0x080001b3   Thumb Code     0  startup_stm32f103xb.o(.text)
    TIM2_IRQHandler                          0x080001b3   Thumb Code     0  startup_stm32f103xb.o(.text)
    TIM3_IRQHandler                          0x080001b3   Thumb Code     0  startup_stm32f103xb.o(.text)
    TIM4_IRQHandler                          0x080001b3   Thumb Code     0  startup_stm32f103xb.o(.text)
    USART1_IRQHandler                        0x080001b3   Thumb Code     0  startup_stm32f103xb.o(.text)
    USART2_IRQHandler                        0x080001b3   Thumb Code     0  startup_stm32f103xb.o(.text)
    USBWakeUp_IRQHandler                     0x080001b3   Thumb Code     0  startup_stm32f103xb.o(.text)
    USB_HP_CAN1_TX_IRQHandler                0x080001b3   Thumb Code     0  startup_stm32f103xb.o(.text)
    USB_LP_CAN1_RX0_IRQHandler               0x080001b3   Thumb Code     0  startup_stm32f103xb.o(.text)
    WWDG_IRQHandler                          0x080001b3   Thumb Code     0  startup_stm32f103xb.o(.text)
    __aeabi_ldivmod                          0x080001bd   Thumb Code    98  ldiv.o(.text)
    __aeabi_llsr                             0x0800021f   Thumb Code    32  llushr.o(.text)
    _ll_ushift_r                             0x0800021f   Thumb Code     0  llushr.o(.text)
    __aeabi_memcpy                           0x0800023f   Thumb Code    36  memcpya.o(.text)
    __aeabi_memcpy4                          0x0800023f   Thumb Code     0  memcpya.o(.text)
    __aeabi_memcpy8                          0x0800023f   Thumb Code     0  memcpya.o(.text)
    __aeabi_memset                           0x08000263   Thumb Code    14  memseta.o(.text)
    __aeabi_memset4                          0x08000263   Thumb Code     0  memseta.o(.text)
    __aeabi_memset8                          0x08000263   Thumb Code     0  memseta.o(.text)
    __aeabi_memclr                           0x08000271   Thumb Code     4  memseta.o(.text)
    __aeabi_memclr4                          0x08000271   Thumb Code     0  memseta.o(.text)
    __aeabi_memclr8                          0x08000271   Thumb Code     0  memseta.o(.text)
    memset                                   0x08000275   Thumb Code    18  memseta.o(.text)
    memcmp                                   0x08000287   Thumb Code    26  memcmp.o(.text)
    __aeabi_fadd                             0x080002a1   Thumb Code   164  fadd.o(.text)
    __aeabi_fsub                             0x08000345   Thumb Code     6  fadd.o(.text)
    __aeabi_frsub                            0x0800034b   Thumb Code     6  fadd.o(.text)
    __aeabi_fmul                             0x08000351   Thumb Code   100  fmul.o(.text)
    __aeabi_fdiv                             0x080003b5   Thumb Code   124  fdiv.o(.text)
    __ARM_scalbnf                            0x08000431   Thumb Code    24  fscalb.o(.text)
    scalbnf                                  0x08000431   Thumb Code     0  fscalb.o(.text)
    __aeabi_dadd                             0x08000449   Thumb Code   322  dadd.o(.text)
    __aeabi_dsub                             0x0800058b   Thumb Code     6  dadd.o(.text)
    __aeabi_drsub                            0x08000591   Thumb Code     6  dadd.o(.text)
    __aeabi_dmul                             0x08000597   Thumb Code   228  dmul.o(.text)
    __aeabi_ddiv                             0x0800067b   Thumb Code   222  ddiv.o(.text)
    __aeabi_i2f                              0x08000759   Thumb Code    18  fflti.o(.text)
    __aeabi_ui2f                             0x0800076b   Thumb Code    10  ffltui.o(.text)
    __aeabi_f2iz                             0x08000775   Thumb Code    50  ffixi.o(.text)
    __aeabi_f2uiz                            0x080007a7   Thumb Code    40  ffixui.o(.text)
    __aeabi_f2d                              0x080007cf   Thumb Code    38  f2d.o(.text)
    __aeabi_d2f                              0x080007f5   Thumb Code    56  d2f.o(.text)
    __aeabi_uidiv                            0x0800082d   Thumb Code     0  uidiv.o(.text)
    __aeabi_uidivmod                         0x0800082d   Thumb Code    44  uidiv.o(.text)
    __aeabi_uldivmod                         0x08000859   Thumb Code    98  uldiv.o(.text)
    __aeabi_llsl                             0x080008bb   Thumb Code    30  llshl.o(.text)
    _ll_shift_l                              0x080008bb   Thumb Code     0  llshl.o(.text)
    __aeabi_lasr                             0x080008d9   Thumb Code    36  llsshr.o(.text)
    _ll_sshift_r                             0x080008d9   Thumb Code     0  llsshr.o(.text)
    __I$use$fp                               0x080008fd   Thumb Code     0  iusefp.o(.text)
    _float_round                             0x080008fd   Thumb Code    18  fepilogue.o(.text)
    _float_epilogue                          0x0800090f   Thumb Code    92  fepilogue.o(.text)
    _double_round                            0x0800096b   Thumb Code    30  depilogue.o(.text)
    _double_epilogue                         0x08000989   Thumb Code   156  depilogue.o(.text)
    __ARM_scalbn                             0x08000a25   Thumb Code    46  dscalb.o(.text)
    scalbn                                   0x08000a25   Thumb Code     0  dscalb.o(.text)
    __aeabi_d2ulz                            0x08000a53   Thumb Code    48  dfixul.o(.text)
    __aeabi_cdrcmple                         0x08000a85   Thumb Code    48  cdrcmple.o(.text)
    __scatterload                            0x08000ab5   Thumb Code    28  init.o(.text)
    __scatterload_rt2                        0x08000ab5   Thumb Code     0  init.o(.text)
    _dsqrt                                   0x08000ad9   Thumb Code   162  dsqrt.o(.text)
    __decompress                             0x08000b7b   Thumb Code     0  __dczerorl2.o(.text)
    __decompress1                            0x08000b7b   Thumb Code    86  __dczerorl2.o(.text)
    BusFault_Handler                         0x08000bd1   Thumb Code     2  stm32f1xx_it.o(i.BusFault_Handler)
    DebugMon_Handler                         0x08000bd3   Thumb Code     2  stm32f1xx_it.o(i.DebugMon_Handler)
    EXTI2_IRQHandler                         0x08000bd5   Thumb Code     6  stm32f1xx_it.o(i.EXTI2_IRQHandler)
    EXTI9_5_IRQHandler                       0x08000bdb   Thumb Code     6  stm32f1xx_it.o(i.EXTI9_5_IRQHandler)
    Error_Handler                            0x08000be1   Thumb Code     4  main.o(i.Error_Handler)
    HAL_DMA_Abort                            0x08000be5   Thumb Code    70  stm32f1xx_hal_dma.o(i.HAL_DMA_Abort)
    HAL_DMA_Abort_IT                         0x08000c2d   Thumb Code   148  stm32f1xx_hal_dma.o(i.HAL_DMA_Abort_IT)
    HAL_Delay                                0x08000cc5   Thumb Code    32  stm32f1xx_hal.o(i.HAL_Delay)
    HAL_GPIO_EXTI_Callback                   0x08000ce9   Thumb Code     2  stm32f1xx_hal_gpio.o(i.HAL_GPIO_EXTI_Callback)
    HAL_GPIO_EXTI_IRQHandler                 0x08000ced   Thumb Code    18  stm32f1xx_hal_gpio.o(i.HAL_GPIO_EXTI_IRQHandler)
    HAL_GPIO_Init                            0x08000d05   Thumb Code   446  stm32f1xx_hal_gpio.o(i.HAL_GPIO_Init)
    HAL_GPIO_ReadPin                         0x08000ee5   Thumb Code    10  stm32f1xx_hal_gpio.o(i.HAL_GPIO_ReadPin)
    HAL_GPIO_WritePin                        0x08000eef   Thumb Code    10  stm32f1xx_hal_gpio.o(i.HAL_GPIO_WritePin)
    HAL_GetTick                              0x08000ef9   Thumb Code     6  stm32f1xx_hal.o(i.HAL_GetTick)
    HAL_I2C_Init                             0x08000f05   Thumb Code   376  stm32f1xx_hal_i2c.o(i.HAL_I2C_Init)
    HAL_I2C_Mem_Write                        0x0800108d   Thumb Code   294  stm32f1xx_hal_i2c.o(i.HAL_I2C_Mem_Write)
    HAL_I2C_MspInit                          0x080011bd   Thumb Code    96  i2c.o(i.HAL_I2C_MspInit)
    HAL_IncTick                              0x0800122d   Thumb Code    12  stm32f1xx_hal.o(i.HAL_IncTick)
    HAL_Init                                 0x0800123d   Thumb Code    32  stm32f1xx_hal.o(i.HAL_Init)
    HAL_InitTick                             0x08001261   Thumb Code    54  stm32f1xx_hal.o(i.HAL_InitTick)
    HAL_MspInit                              0x080012a1   Thumb Code    62  stm32f1xx_hal_msp.o(i.HAL_MspInit)
    HAL_NVIC_EnableIRQ                       0x080012e9   Thumb Code    26  stm32f1xx_hal_cortex.o(i.HAL_NVIC_EnableIRQ)
    HAL_NVIC_SetPriority                     0x08001305   Thumb Code    60  stm32f1xx_hal_cortex.o(i.HAL_NVIC_SetPriority)
    HAL_NVIC_SetPriorityGrouping             0x08001345   Thumb Code    26  stm32f1xx_hal_cortex.o(i.HAL_NVIC_SetPriorityGrouping)
    HAL_RCC_ClockConfig                      0x08001369   Thumb Code   280  stm32f1xx_hal_rcc.o(i.HAL_RCC_ClockConfig)
    HAL_RCC_GetPCLK1Freq                     0x08001495   Thumb Code    20  stm32f1xx_hal_rcc.o(i.HAL_RCC_GetPCLK1Freq)
    HAL_RCC_GetPCLK2Freq                     0x080014b5   Thumb Code    20  stm32f1xx_hal_rcc.o(i.HAL_RCC_GetPCLK2Freq)
    HAL_RCC_GetSysClockFreq                  0x080014d5   Thumb Code    58  stm32f1xx_hal_rcc.o(i.HAL_RCC_GetSysClockFreq)
    HAL_RCC_OscConfig                        0x08001521   Thumb Code   778  stm32f1xx_hal_rcc.o(i.HAL_RCC_OscConfig)
    HAL_SYSTICK_Config                       0x08001841   Thumb Code    40  stm32f1xx_hal_cortex.o(i.HAL_SYSTICK_Config)
    HAL_TIMEx_ConfigBreakDeadTime            0x08001869   Thumb Code    84  stm32f1xx_hal_tim_ex.o(i.HAL_TIMEx_ConfigBreakDeadTime)
    HAL_TIMEx_MasterConfigSynchronization    0x080018bd   Thumb Code    92  stm32f1xx_hal_tim_ex.o(i.HAL_TIMEx_MasterConfigSynchronization)
    HAL_TIM_Base_Init                        0x08001925   Thumb Code    90  stm32f1xx_hal_tim.o(i.HAL_TIM_Base_Init)
    HAL_TIM_Base_MspInit                     0x08001981   Thumb Code    30  tim.o(i.HAL_TIM_Base_MspInit)
    HAL_TIM_ConfigClockSource                0x080019a9   Thumb Code   220  stm32f1xx_hal_tim.o(i.HAL_TIM_ConfigClockSource)
    HAL_TIM_Encoder_Init                     0x08001a85   Thumb Code   164  stm32f1xx_hal_tim.o(i.HAL_TIM_Encoder_Init)
    HAL_TIM_Encoder_MspInit                  0x08001b29   Thumb Code   122  tim.o(i.HAL_TIM_Encoder_MspInit)
    HAL_TIM_Encoder_Start                    0x08001bb5   Thumb Code   142  stm32f1xx_hal_tim.o(i.HAL_TIM_Encoder_Start)
    HAL_TIM_MspPostInit                      0x08001c45   Thumb Code    64  tim.o(i.HAL_TIM_MspPostInit)
    HAL_TIM_PWM_ConfigChannel                0x08001c91   Thumb Code   204  stm32f1xx_hal_tim.o(i.HAL_TIM_PWM_ConfigChannel)
    HAL_TIM_PWM_Init                         0x08001d5d   Thumb Code    90  stm32f1xx_hal_tim.o(i.HAL_TIM_PWM_Init)
    HAL_TIM_PWM_MspInit                      0x08001db9   Thumb Code    30  tim.o(i.HAL_TIM_PWM_MspInit)
    HAL_TIM_PWM_Start                        0x08001de1   Thumb Code   144  stm32f1xx_hal_tim.o(i.HAL_TIM_PWM_Start)
    HAL_UARTEx_RxEventCallback               0x08001e7d   Thumb Code     2  stm32f1xx_hal_uart.o(i.HAL_UARTEx_RxEventCallback)
    HAL_UART_ErrorCallback                   0x08001e7f   Thumb Code     2  stm32f1xx_hal_uart.o(i.HAL_UART_ErrorCallback)
    HAL_UART_IRQHandler                      0x08001e81   Thumb Code   616  stm32f1xx_hal_uart.o(i.HAL_UART_IRQHandler)
    HAL_UART_Init                            0x080020ed   Thumb Code   100  stm32f1xx_hal_uart.o(i.HAL_UART_Init)
    HAL_UART_MspInit                         0x08002151   Thumb Code   116  usart.o(i.HAL_UART_MspInit)
    HAL_UART_Receive_IT                      0x080021d1   Thumb Code    28  stm32f1xx_hal_uart.o(i.HAL_UART_Receive_IT)
    HAL_UART_RxCpltCallback                  0x080021ed   Thumb Code     2  stm32f1xx_hal_uart.o(i.HAL_UART_RxCpltCallback)
    HAL_UART_TxCpltCallback                  0x080021ef   Thumb Code     2  stm32f1xx_hal_uart.o(i.HAL_UART_TxCpltCallback)
    HardFault_Handler                        0x080021f1   Thumb Code     2  stm32f1xx_it.o(i.HardFault_Handler)
    IIC_Ack                                  0x080024c5   Thumb Code    60  iic.o(i.IIC_Ack)
    IIC_GPIO_Init                            0x08002511   Thumb Code    50  iic.o(i.IIC_GPIO_Init)
    IIC_NAck                                 0x0800254d   Thumb Code    50  iic.o(i.IIC_NAck)
    IIC_Read_Byte                            0x08002585   Thumb Code    84  iic.o(i.IIC_Read_Byte)
    IIC_Send_Byte                            0x080025dd   Thumb Code    86  iic.o(i.IIC_Send_Byte)
    IIC_Start                                0x08002639   Thumb Code    60  iic.o(i.IIC_Start)
    IIC_Stop                                 0x08002679   Thumb Code    42  iic.o(i.IIC_Stop)
    IIC_Wait_Ack                             0x080026a9   Thumb Code    66  iic.o(i.IIC_Wait_Ack)
    Limit                                    0x080026f1   Thumb Code    42  motor.o(i.Limit)
    Load                                     0x0800271d   Thumb Code   116  motor.o(i.Load)
    MPU_Get_Accelerometer                    0x08002799   Thumb Code    50  mpu6050.o(i.MPU_Get_Accelerometer)
    MPU_Get_Gyroscope                        0x080027cb   Thumb Code    50  mpu6050.o(i.MPU_Get_Gyroscope)
    MPU_Init                                 0x080027fd   Thumb Code   118  mpu6050.o(i.MPU_Init)
    MPU_Read_Byte                            0x08002873   Thumb Code    58  mpu6050.o(i.MPU_Read_Byte)
    MPU_Read_Len                             0x080028ad   Thumb Code   108  mpu6050.o(i.MPU_Read_Len)
    MPU_Set_Accel_Fsr                        0x08002919   Thumb Code    10  mpu6050.o(i.MPU_Set_Accel_Fsr)
    MPU_Set_Gyro_Fsr                         0x08002923   Thumb Code    10  mpu6050.o(i.MPU_Set_Gyro_Fsr)
    MPU_Set_LPF                              0x0800292d   Thumb Code    48  mpu6050.o(i.MPU_Set_LPF)
    MPU_Set_Rate                             0x0800295d   Thumb Code    46  mpu6050.o(i.MPU_Set_Rate)
    MPU_Write_Byte                           0x0800298b   Thumb Code    60  mpu6050.o(i.MPU_Write_Byte)
    MPU_Write_Len                            0x080029c7   Thumb Code    82  mpu6050.o(i.MPU_Write_Len)
    MX_FREERTOS_Init                         0x08002a19   Thumb Code    96  freertos.o(i.MX_FREERTOS_Init)
    MX_GPIO_Init                             0x08002a81   Thumb Code   210  gpio.o(i.MX_GPIO_Init)
    MX_I2C1_Init                             0x08002b69   Thumb Code    50  i2c.o(i.MX_I2C1_Init)
    MX_TIM1_Init                             0x08002ba9   Thumb Code   172  tim.o(i.MX_TIM1_Init)
    MX_TIM2_Init                             0x08002c5d   Thumb Code   100  tim.o(i.MX_TIM2_Init)
    MX_TIM3_Init                             0x08002cc5   Thumb Code    94  tim.o(i.MX_TIM3_Init)
    MX_TIM4_Init                             0x08002d2d   Thumb Code    98  tim.o(i.MX_TIM4_Init)
    MX_USART3_UART_Init                      0x08002d99   Thumb Code    48  usart.o(i.MX_USART3_UART_Init)
    MemManage_Handler                        0x08002dd1   Thumb Code     2  stm32f1xx_it.o(i.MemManage_Handler)
    NMI_Handler                              0x08002dd3   Thumb Code     2  stm32f1xx_it.o(i.NMI_Handler)
    OLED_Clear                               0x08002dd5   Thumb Code    52  oled.o(i.OLED_Clear)
    OLED_Init                                0x08002e09   Thumb Code    16  oled.o(i.OLED_Init)
    OLED_Set_Pos                             0x08002e19   Thumb Code    34  oled.o(i.OLED_Set_Pos)
    OLED_ShowChar                            0x08002e3d   Thumb Code   126  oled.o(i.OLED_ShowChar)
    OLED_ShowString                          0x08002ec5   Thumb Code    54  oled.o(i.OLED_ShowString)
    OLED_WR_CMD                              0x08002efd   Thumb Code    32  oled.o(i.OLED_WR_CMD)
    OLED_WR_DATA                             0x08002f21   Thumb Code    32  oled.o(i.OLED_WR_DATA)
    Read_Speed                               0x08002f45   Thumb Code    12  encoder.o(i.Read_Speed)
    StartDefaultTask                         0x08002f51   Thumb Code     8  freertos.o(i.StartDefaultTask)
    Stop                                     0x08002f59   Thumb Code    42  motor.o(i.Stop)
    SysTick_Handler                          0x08002f89   Thumb Code    24  stm32f1xx_it.o(i.SysTick_Handler)
    SystemClock_Config                       0x08002fa1   Thumb Code    94  main.o(i.SystemClock_Config)
    SystemInit                               0x08002fff   Thumb Code     2  system_stm32f1xx.o(i.SystemInit)
    TIM_Base_SetConfig                       0x08003001   Thumb Code    94  stm32f1xx_hal_tim.o(i.TIM_Base_SetConfig)
    TIM_CCxChannelCmd                        0x0800306d   Thumb Code    26  stm32f1xx_hal_tim.o(i.TIM_CCxChannelCmd)
    TIM_ETR_SetConfig                        0x08003087   Thumb Code    20  stm32f1xx_hal_tim.o(i.TIM_ETR_SetConfig)
    TIM_OC2_SetConfig                        0x080030fd   Thumb Code    84  stm32f1xx_hal_tim.o(i.TIM_OC2_SetConfig)
    Turn                                     0x08003239   Thumb Code    40  control_task.o(i.Turn)
    UART_Start_Receive_IT                    0x0800343d   Thumb Code    54  stm32f1xx_hal_uart.o(i.UART_Start_Receive_IT)
    USART3_IRQHandler                        0x08003475   Thumb Code    88  stm32f1xx_it.o(i.USART3_IRQHandler)
    UsageFault_Handler                       0x080034d5   Thumb Code     2  stm32f1xx_it.o(i.UsageFault_Handler)
    Velocity                                 0x080034d9   Thumb Code   162  control_task.o(i.Velocity)
    Vertical                                 0x08003585   Thumb Code    48  control_task.o(i.Vertical)
    WriteCmd                                 0x080035b9   Thumb Code    42  oled.o(i.WriteCmd)
    __0sprintf                               0x080035ed   Thumb Code    34  printfa.o(i.__0sprintf)
    __1sprintf                               0x080035ed   Thumb Code     0  printfa.o(i.__0sprintf)
    __2sprintf                               0x080035ed   Thumb Code     0  printfa.o(i.__0sprintf)
    __c89sprintf                             0x080035ed   Thumb Code     0  printfa.o(i.__0sprintf)
    sprintf                                  0x080035ed   Thumb Code     0  printfa.o(i.__0sprintf)
    __ARM_fpclassify                         0x08003615   Thumb Code    40  fpclassify.o(i.__ARM_fpclassify)
    __kernel_poly                            0x0800365d   Thumb Code   170  poly.o(i.__kernel_poly)
    __mathlib_dbl_infnan                     0x08003707   Thumb Code     6  dunder.o(i.__mathlib_dbl_infnan)
    __mathlib_dbl_infnan2                    0x0800370d   Thumb Code     4  dunder.o(i.__mathlib_dbl_infnan2)
    __mathlib_dbl_invalid                    0x08003711   Thumb Code    12  dunder.o(i.__mathlib_dbl_invalid)
    __mathlib_dbl_underflow                  0x0800371d   Thumb Code    10  dunder.o(i.__mathlib_dbl_underflow)
    __scatterload_copy                       0x0800372d   Thumb Code    14  handlers.o(i.__scatterload_copy)
    __scatterload_null                       0x0800373b   Thumb Code     2  handlers.o(i.__scatterload_null)
    __scatterload_zeroinit                   0x0800373d   Thumb Code    14  handlers.o(i.__scatterload_zeroinit)
    __set_errno                              0x0800374d   Thumb Code     6  errno.o(i.__set_errno)
    asin                                     0x08004095   Thumb Code   572  asin.o(i.asin)
    atan                                     0x08004305   Thumb Code   474  atan.o(i.atan)
    atan2                                    0x08004525   Thumb Code   346  atan2.o(i.atan2)
    ble_task                                 0x080046a5   Thumb Code    30  ble_task.o(i.ble_task)
    control_task                             0x080046cd   Thumb Code   354  control_task.o(i.control_task)
    dmp_enable_6x_lp_quat                    0x08004855   Thumb Code    58  inv_mpu_dmp_motion_driver.o(i.dmp_enable_6x_lp_quat)
    dmp_enable_feature                       0x08004891   Thumb Code   464  inv_mpu_dmp_motion_driver.o(i.dmp_enable_feature)
    dmp_enable_gyro_cal                      0x08004a69   Thumb Code    34  inv_mpu_dmp_motion_driver.o(i.dmp_enable_gyro_cal)
    dmp_enable_lp_quat                       0x08004aa5   Thumb Code    58  inv_mpu_dmp_motion_driver.o(i.dmp_enable_lp_quat)
    dmp_load_motion_driver_firmware          0x08004ae1   Thumb Code    16  inv_mpu_dmp_motion_driver.o(i.dmp_load_motion_driver_firmware)
    dmp_read_fifo                            0x08004af5   Thumb Code   320  inv_mpu_dmp_motion_driver.o(i.dmp_read_fifo)
    dmp_set_accel_bias                       0x08004c39   Thumb Code   210  inv_mpu_dmp_motion_driver.o(i.dmp_set_accel_bias)
    dmp_set_fifo_rate                        0x08004d11   Thumb Code    82  inv_mpu_dmp_motion_driver.o(i.dmp_set_fifo_rate)
    dmp_set_gyro_bias                        0x08004d75   Thumb Code   196  inv_mpu_dmp_motion_driver.o(i.dmp_set_gyro_bias)
    dmp_set_orientation                      0x08004e41   Thumb Code   246  inv_mpu_dmp_motion_driver.o(i.dmp_set_orientation)
    dmp_set_shake_reject_thresh              0x08004f4d   Thumb Code    48  inv_mpu_dmp_motion_driver.o(i.dmp_set_shake_reject_thresh)
    dmp_set_shake_reject_time                0x08004f7d   Thumb Code    32  inv_mpu_dmp_motion_driver.o(i.dmp_set_shake_reject_time)
    dmp_set_shake_reject_timeout             0x08004f9d   Thumb Code    32  inv_mpu_dmp_motion_driver.o(i.dmp_set_shake_reject_timeout)
    dmp_set_tap_axes                         0x08004fbd   Thumb Code    64  inv_mpu_dmp_motion_driver.o(i.dmp_set_tap_axes)
    dmp_set_tap_count                        0x08004ffd   Thumb Code    34  inv_mpu_dmp_motion_driver.o(i.dmp_set_tap_count)
    dmp_set_tap_thresh                       0x08005021   Thumb Code   274  inv_mpu_dmp_motion_driver.o(i.dmp_set_tap_thresh)
    dmp_set_tap_time                         0x08005149   Thumb Code    32  inv_mpu_dmp_motion_driver.o(i.dmp_set_tap_time)
    dmp_set_tap_time_multi                   0x08005169   Thumb Code    32  inv_mpu_dmp_motion_driver.o(i.dmp_set_tap_time_multi)
    inv_orientation_matrix_to_scalar         0x0800561d   Thumb Code    34  inv_mpu.o(i.inv_orientation_matrix_to_scalar)
    inv_row_2_scale                          0x0800563f   Thumb Code    72  inv_mpu.o(i.inv_row_2_scale)
    main                                     0x08005689   Thumb Code   164  main.o(i.main)
    mget_ms                                  0x08005761   Thumb Code     2  inv_mpu.o(i.mget_ms)
    mpu_configure_fifo                       0x08005765   Thumb Code    78  inv_mpu.o(i.mpu_configure_fifo)
    mpu_dmp_get_data                         0x080057b9   Thumb Code   408  inv_mpu.o(i.mpu_dmp_get_data)
    mpu_dmp_init                             0x08005955   Thumb Code   152  inv_mpu.o(i.mpu_dmp_init)
    mpu_get_accel_fsr                        0x080059f1   Thumb Code    54  inv_mpu.o(i.mpu_get_accel_fsr)
    mpu_get_accel_sens                       0x08005a2d   Thumb Code    62  inv_mpu.o(i.mpu_get_accel_sens)
    mpu_get_gyro_fsr                         0x08005a71   Thumb Code    48  inv_mpu.o(i.mpu_get_gyro_fsr)
    mpu_get_gyro_sens                        0x08005aa5   Thumb Code    44  inv_mpu.o(i.mpu_get_gyro_sens)
    mpu_get_lpf                              0x08005ae5   Thumb Code    52  inv_mpu.o(i.mpu_get_lpf)
    mpu_get_sample_rate                      0x08005b1d   Thumb Code    22  inv_mpu.o(i.mpu_get_sample_rate)
    mpu_init                                 0x08005b39   Thumb Code   288  inv_mpu.o(i.mpu_init)
    mpu_load_firmware                        0x08005c5d   Thumb Code   154  inv_mpu.o(i.mpu_load_firmware)
    mpu_lp_accel_mode                        0x08005cfd   Thumb Code   178  inv_mpu.o(i.mpu_lp_accel_mode)
    mpu_read_fifo_stream                     0x08005db5   Thumb Code   140  inv_mpu.o(i.mpu_read_fifo_stream)
    mpu_read_mem                             0x08005e45   Thumb Code    80  inv_mpu.o(i.mpu_read_mem)
    mpu_reset_fifo                           0x08005e99   Thumb Code   346  inv_mpu.o(i.mpu_reset_fifo)
    mpu_run_self_test                        0x08005ff9   Thumb Code   234  inv_mpu.o(i.mpu_run_self_test)
    mpu_set_accel_fsr                        0x080060e9   Thumb Code    98  inv_mpu.o(i.mpu_set_accel_fsr)
    mpu_set_bypass                           0x08006151   Thumb Code   214  inv_mpu.o(i.mpu_set_bypass)
    mpu_set_dmp_state                        0x0800622d   Thumb Code   114  inv_mpu.o(i.mpu_set_dmp_state)
    mpu_set_gyro_fsr                         0x080062a5   Thumb Code   104  inv_mpu.o(i.mpu_set_gyro_fsr)
    mpu_set_int_latched                      0x08006311   Thumb Code    94  inv_mpu.o(i.mpu_set_int_latched)
    mpu_set_lpf                              0x08006375   Thumb Code   102  inv_mpu.o(i.mpu_set_lpf)
    mpu_set_sample_rate                      0x080063e1   Thumb Code   124  inv_mpu.o(i.mpu_set_sample_rate)
    mpu_set_sensors                          0x08006461   Thumb Code   178  inv_mpu.o(i.mpu_set_sensors)
    mpu_write_mem                            0x08006519   Thumb Code    80  inv_mpu.o(i.mpu_write_mem)
    osDelay                                  0x0800656d   Thumb Code    14  cmsis_os.o(i.osDelay)
    osKernelStart                            0x0800657b   Thumb Code    10  cmsis_os.o(i.osKernelStart)
    osThreadCreate                           0x08006585   Thumb Code    84  cmsis_os.o(i.osThreadCreate)
    pvPortMalloc                             0x08006a3d   Thumb Code   210  heap_4.o(i.pvPortMalloc)
    pvTaskIncrementMutexHeldCount            0x08006b15   Thumb Code    18  tasks.o(i.pvTaskIncrementMutexHeldCount)
    pxPortInitialiseStack                    0x08006b2d   Thumb Code    32  port.o(i.pxPortInitialiseStack)
    run_self_test                            0x08006b51   Thumb Code   128  inv_mpu.o(i.run_self_test)
    sqrt                                     0x08006c29   Thumb Code    76  sqrt.o(i.sqrt)
    ui_task                                  0x08006c75   Thumb Code   164  ui_task.o(i.ui_task)
    uxListRemove                             0x08006d61   Thumb Code    38  list.o(i.uxListRemove)
    vApplicationGetIdleTaskMemory            0x08006d89   Thumb Code    16  freertos.o(i.vApplicationGetIdleTaskMemory)
    vListInitialise                          0x08006d9d   Thumb Code    22  list.o(i.vListInitialise)
    vListInitialiseItem                      0x08006db3   Thumb Code     6  list.o(i.vListInitialiseItem)
    vListInsert                              0x08006db9   Thumb Code    48  list.o(i.vListInsert)
    vListInsertEnd                           0x08006de9   Thumb Code    24  list.o(i.vListInsertEnd)
    vPortEnterCritical                       0x08006e01   Thumb Code    54  port.o(i.vPortEnterCritical)
    vPortExitCritical                        0x08006e41   Thumb Code    34  port.o(i.vPortExitCritical)
    vPortFree                                0x08006e69   Thumb Code    88  heap_4.o(i.vPortFree)
    vPortSetupTimerInterrupt                 0x08006ec5   Thumb Code    32  port.o(i.vPortSetupTimerInterrupt)
    vTaskDelay                               0x08006ee9   Thumb Code    66  tasks.o(i.vTaskDelay)
    vTaskDelayUntil                          0x08006f35   Thumb Code   132  tasks.o(i.vTaskDelayUntil)
    vTaskInternalSetTimeOutState             0x08006fc1   Thumb Code    12  tasks.o(i.vTaskInternalSetTimeOutState)
    vTaskMissedYield                         0x08006fd1   Thumb Code     8  tasks.o(i.vTaskMissedYield)
    vTaskPlaceOnEventList                    0x08006fdd   Thumb Code    44  tasks.o(i.vTaskPlaceOnEventList)
    vTaskPriorityDisinheritAfterTimeout      0x0800700d   Thumb Code   160  tasks.o(i.vTaskPriorityDisinheritAfterTimeout)
    vTaskStartScheduler                      0x080070b5   Thumb Code    90  tasks.o(i.vTaskStartScheduler)
    vTaskSuspendAll                          0x08007121   Thumb Code    10  tasks.o(i.vTaskSuspendAll)
    vTaskSwitchContext                       0x08007131   Thumb Code    82  tasks.o(i.vTaskSwitchContext)
    xPortStartScheduler                      0x0800718d   Thumb Code   154  port.o(i.xPortStartScheduler)
    xPortSysTickHandler                      0x08007235   Thumb Code    38  port.o(i.xPortSysTickHandler)
    xQueueCreateMutex                        0x08007261   Thumb Code    22  queue.o(i.xQueueCreateMutex)
    xQueueGenericCreate                      0x08007277   Thumb Code    72  queue.o(i.xQueueGenericCreate)
    xQueueGenericReset                       0x080072c1   Thumb Code   132  queue.o(i.xQueueGenericReset)
    xQueueGenericSend                        0x08007349   Thumb Code   346  queue.o(i.xQueueGenericSend)
    xQueueSemaphoreTake                      0x080074a9   Thumb Code   372  queue.o(i.xQueueSemaphoreTake)
    xTaskCheckForTimeOut                     0x08007621   Thumb Code   112  tasks.o(i.xTaskCheckForTimeOut)
    xTaskCreate                              0x08007695   Thumb Code    90  tasks.o(i.xTaskCreate)
    xTaskCreateStatic                        0x080076ef   Thumb Code    86  tasks.o(i.xTaskCreateStatic)
    xTaskGetSchedulerState                   0x08007745   Thumb Code    22  tasks.o(i.xTaskGetSchedulerState)
    xTaskGetTickCount                        0x08007761   Thumb Code     6  tasks.o(i.xTaskGetTickCount)
    xTaskIncrementTick                       0x0800776d   Thumb Code   192  tasks.o(i.xTaskIncrementTick)
    xTaskPriorityDisinherit                  0x08007835   Thumb Code   144  tasks.o(i.xTaskPriorityDisinherit)
    xTaskPriorityInherit                     0x080078cd   Thumb Code   138  tasks.o(i.xTaskPriorityInherit)
    xTaskRemoveFromEventList                 0x08007961   Thumb Code   108  tasks.o(i.xTaskRemoveFromEventList)
    xTaskResumeAll                           0x080079d5   Thumb Code   182  tasks.o(i.xTaskResumeAll)
    AHBPrescTable                            0x08007a98   Data          16  system_stm32f1xx.o(.constdata)
    APBPrescTable                            0x08007aa8   Data           8  system_stm32f1xx.o(.constdata)
    F6x8                                     0x08007ac2   Data         552  oled.o(.constdata)
    F8X16                                    0x08007cea   Data        1504  oled.o(.constdata)
    Hzk                                      0x080082ca   Data         448  oled.o(.constdata)
    reg                                      0x0800848a   Data          27  inv_mpu.o(.constdata)
    hw                                       0x080084a6   Data          12  inv_mpu.o(.constdata)
    test                                     0x080084b4   Data          40  inv_mpu.o(.constdata)
    __mathlib_zero                           0x08009230   Data           8  qnan.o(.constdata)
    Region$$Table$$Base                      0x08009268   Number         0  anon$$obj.o(Region$$Table)
    Region$$Table$$Limit                     0x08009288   Number         0  anon$$obj.o(Region$$Table)
    SystemCoreClock                          0x20000000   Data           4  system_stm32f1xx.o(.data)
    uwTickFreq                               0x20000004   Data           1  stm32f1xx_hal.o(.data)
    uwTickPrio                               0x20000008   Data           4  stm32f1xx_hal.o(.data)
    uwTick                                   0x2000000c   Data           4  stm32f1xx_hal.o(.data)
    pxCurrentTCB                             0x20000010   Data           4  tasks.o(.data)
    CMD_Data                                 0x20000070   Data          27  oled.o(.data)
    g_ctrl_share_mutex                       0x200000c4   Data           4  freertos.o(.data)
    g_oled_mutex                             0x200000c8   Data           4  freertos.o(.data)
    controlTaskHandle                        0x200000cc   Data           4  freertos.o(.data)
    uiTaskHandle                             0x200000d0   Data           4  freertos.o(.data)
    bleTaskHandle                            0x200000d4   Data           4  freertos.o(.data)
    defaultTaskHandle                        0x200000d8   Data           4  freertos.o(.data)
    Bluetooth_data                           0x200000dc   Data           1  stm32f1xx_it.o(.data)
    Fore                                     0x200000dd   Data           1  stm32f1xx_it.o(.data)
    Back                                     0x200000de   Data           1  stm32f1xx_it.o(.data)
    Left                                     0x200000df   Data           1  stm32f1xx_it.o(.data)
    Right                                    0x200000e0   Data           1  stm32f1xx_it.o(.data)
    rx_buf                                   0x200000e1   Data           2  stm32f1xx_it.o(.data)
    stop                                     0x200000e4   Data           1  control_task.o(.data)
    gyrox                                    0x200000e6   Data           2  control_task.o(.data)
    gyroy                                    0x200000e8   Data           2  control_task.o(.data)
    gyroz                                    0x200000ea   Data           2  control_task.o(.data)
    aacx                                     0x200000ec   Data           2  control_task.o(.data)
    aacy                                     0x200000ee   Data           2  control_task.o(.data)
    aacz                                     0x200000f0   Data           2  control_task.o(.data)
    Med_Angle                                0x200000f4   Data           4  control_task.o(.data)
    Vertical_Kp                              0x200000f8   Data           4  control_task.o(.data)
    Vertical_Kd                              0x200000fc   Data           4  control_task.o(.data)
    Velocity_Kp                              0x20000100   Data           4  control_task.o(.data)
    Velocity_Ki                              0x20000104   Data           4  control_task.o(.data)
    Turn_Kp                                  0x20000108   Data           4  control_task.o(.data)
    Turn_Kd                                  0x2000010c   Data           4  control_task.o(.data)
    Encoder_Left                             0x2000011c   Data           4  control_task.o(.data)
    Encoder_Right                            0x20000120   Data           4  control_task.o(.data)
    pitch                                    0x20000124   Data           4  control_task.o(.data)
    roll                                     0x20000128   Data           4  control_task.o(.data)
    yaw                                      0x2000012c   Data           4  control_task.o(.data)
    Vertical_out                             0x20000130   Data           4  control_task.o(.data)
    Velocity_out                             0x20000134   Data           4  control_task.o(.data)
    Turn_out                                 0x20000138   Data           4  control_task.o(.data)
    Target_Speed                             0x2000013c   Data           4  control_task.o(.data)
    Target_turn                              0x20000140   Data           4  control_task.o(.data)
    MOTO1                                    0x20000144   Data           4  control_task.o(.data)
    MOTO2                                    0x20000148   Data           4  control_task.o(.data)
    display_buf                              0x20000e50   Data          20  main.o(.bss)
    hi2c1                                    0x200010b8   Data          84  i2c.o(.bss)
    htim1                                    0x2000110c   Data          72  tim.o(.bss)
    htim2                                    0x20001154   Data          72  tim.o(.bss)
    htim3                                    0x2000119c   Data          72  tim.o(.bss)
    htim4                                    0x200011e4   Data          72  tim.o(.bss)
    huart3                                   0x2000122c   Data          72  usart.o(.bss)
    __initial_sp                             0x20001678   Data           0  startup_stm32f103xb.o(STACK)



==============================================================================

Memory Map of the image

  Image Entry point : 0x080000ed

  Load Region LR_IROM1 (Base: 0x08000000, Size: 0x000093d8, Max: 0x00010000, ABSOLUTE, COMPRESSED[0x000092e4])

    Execution Region ER_IROM1 (Exec base: 0x08000000, Load base: 0x08000000, Size: 0x00009288, Max: 0x00010000, ABSOLUTE)

    Exec Addr    Load Addr    Size         Type   Attr      Idx    E Section Name        Object

    0x08000000   0x08000000   0x000000ec   Data   RO            3    RESET               startup_stm32f103xb.o
    0x080000ec   0x080000ec   0x00000000   Code   RO         5910  * .ARM.Collect$$$$00000000  mc_w.l(entry.o)
    0x080000ec   0x080000ec   0x00000004   Code   RO         6253    .ARM.Collect$$$$00000001  mc_w.l(entry2.o)
    0x080000f0   0x080000f0   0x00000004   Code   RO         6256    .ARM.Collect$$$$00000004  mc_w.l(entry5.o)
    0x080000f4   0x080000f4   0x00000000   Code   RO         6258    .ARM.Collect$$$$00000008  mc_w.l(entry7b.o)
    0x080000f4   0x080000f4   0x00000000   Code   RO         6260    .ARM.Collect$$$$0000000A  mc_w.l(entry8b.o)
    0x080000f4   0x080000f4   0x00000008   Code   RO         6261    .ARM.Collect$$$$0000000B  mc_w.l(entry9a.o)
    0x080000fc   0x080000fc   0x00000000   Code   RO         6263    .ARM.Collect$$$$0000000D  mc_w.l(entry10a.o)
    0x080000fc   0x080000fc   0x00000000   Code   RO         6265    .ARM.Collect$$$$0000000F  mc_w.l(entry11a.o)
    0x080000fc   0x080000fc   0x00000004   Code   RO         6254    .ARM.Collect$$$$00002712  mc_w.l(entry2.o)
    0x08000100   0x08000100   0x00000096   Code   RO         4155    .emb_text           port.o
    0x08000196   0x08000196   0x00000002   PAD
    0x08000198   0x08000198   0x00000024   Code   RO            4    .text               startup_stm32f103xb.o
    0x080001bc   0x080001bc   0x00000062   Code   RO         5913    .text               mc_w.l(ldiv.o)
    0x0800021e   0x0800021e   0x00000020   Code   RO         5915    .text               mc_w.l(llushr.o)
    0x0800023e   0x0800023e   0x00000024   Code   RO         5917    .text               mc_w.l(memcpya.o)
    0x08000262   0x08000262   0x00000024   Code   RO         5921    .text               mc_w.l(memseta.o)
    0x08000286   0x08000286   0x0000001a   Code   RO         5923    .text               mc_w.l(memcmp.o)
    0x080002a0   0x080002a0   0x000000b0   Code   RO         6188    .text               mf_w.l(fadd.o)
    0x08000350   0x08000350   0x00000064   Code   RO         6190    .text               mf_w.l(fmul.o)
    0x080003b4   0x080003b4   0x0000007c   Code   RO         6192    .text               mf_w.l(fdiv.o)
    0x08000430   0x08000430   0x00000018   Code   RO         6194    .text               mf_w.l(fscalb.o)
    0x08000448   0x08000448   0x0000014e   Code   RO         6196    .text               mf_w.l(dadd.o)
    0x08000596   0x08000596   0x000000e4   Code   RO         6198    .text               mf_w.l(dmul.o)
    0x0800067a   0x0800067a   0x000000de   Code   RO         6200    .text               mf_w.l(ddiv.o)
    0x08000758   0x08000758   0x00000012   Code   RO         6202    .text               mf_w.l(fflti.o)
    0x0800076a   0x0800076a   0x0000000a   Code   RO         6204    .text               mf_w.l(ffltui.o)
    0x08000774   0x08000774   0x00000032   Code   RO         6208    .text               mf_w.l(ffixi.o)
    0x080007a6   0x080007a6   0x00000028   Code   RO         6210    .text               mf_w.l(ffixui.o)
    0x080007ce   0x080007ce   0x00000026   Code   RO         6212    .text               mf_w.l(f2d.o)
    0x080007f4   0x080007f4   0x00000038   Code   RO         6214    .text               mf_w.l(d2f.o)
    0x0800082c   0x0800082c   0x0000002c   Code   RO         6270    .text               mc_w.l(uidiv.o)
    0x08000858   0x08000858   0x00000062   Code   RO         6272    .text               mc_w.l(uldiv.o)
    0x080008ba   0x080008ba   0x0000001e   Code   RO         6274    .text               mc_w.l(llshl.o)
    0x080008d8   0x080008d8   0x00000024   Code   RO         6276    .text               mc_w.l(llsshr.o)
    0x080008fc   0x080008fc   0x00000000   Code   RO         6285    .text               mc_w.l(iusefp.o)
    0x080008fc   0x080008fc   0x0000006e   Code   RO         6286    .text               mf_w.l(fepilogue.o)
    0x0800096a   0x0800096a   0x000000ba   Code   RO         6288    .text               mf_w.l(depilogue.o)
    0x08000a24   0x08000a24   0x0000002e   Code   RO         6290    .text               mf_w.l(dscalb.o)
    0x08000a52   0x08000a52   0x00000030   Code   RO         6292    .text               mf_w.l(dfixul.o)
    0x08000a82   0x08000a82   0x00000002   PAD
    0x08000a84   0x08000a84   0x00000030   Code   RO         6294    .text               mf_w.l(cdrcmple.o)
    0x08000ab4   0x08000ab4   0x00000024   Code   RO         6296    .text               mc_w.l(init.o)
    0x08000ad8   0x08000ad8   0x000000a2   Code   RO         6300    .text               mf_w.l(dsqrt.o)
    0x08000b7a   0x08000b7a   0x00000056   Code   RO         6312    .text               mc_w.l(__dczerorl2.o)
    0x08000bd0   0x08000bd0   0x00000002   Code   RO         5651    i.BusFault_Handler  stm32f1xx_it.o
    0x08000bd2   0x08000bd2   0x00000002   Code   RO         5652    i.DebugMon_Handler  stm32f1xx_it.o
    0x08000bd4   0x08000bd4   0x00000006   Code   RO         5653    i.EXTI2_IRQHandler  stm32f1xx_it.o
    0x08000bda   0x08000bda   0x00000006   Code   RO         5654    i.EXTI9_5_IRQHandler  stm32f1xx_it.o
    0x08000be0   0x08000be0   0x00000004   Code   RO         5188    i.Error_Handler     main.o
    0x08000be4   0x08000be4   0x00000046   Code   RO          556    i.HAL_DMA_Abort     stm32f1xx_hal_dma.o
    0x08000c2a   0x08000c2a   0x00000002   PAD
    0x08000c2c   0x08000c2c   0x00000098   Code   RO          557    i.HAL_DMA_Abort_IT  stm32f1xx_hal_dma.o
    0x08000cc4   0x08000cc4   0x00000024   Code   RO          182    i.HAL_Delay         stm32f1xx_hal.o
    0x08000ce8   0x08000ce8   0x00000002   Code   RO          490    i.HAL_GPIO_EXTI_Callback  stm32f1xx_hal_gpio.o
    0x08000cea   0x08000cea   0x00000002   PAD
    0x08000cec   0x08000cec   0x00000018   Code   RO          491    i.HAL_GPIO_EXTI_IRQHandler  stm32f1xx_hal_gpio.o
    0x08000d04   0x08000d04   0x000001e0   Code   RO          492    i.HAL_GPIO_Init     stm32f1xx_hal_gpio.o
    0x08000ee4   0x08000ee4   0x0000000a   Code   RO          494    i.HAL_GPIO_ReadPin  stm32f1xx_hal_gpio.o
    0x08000eee   0x08000eee   0x0000000a   Code   RO          496    i.HAL_GPIO_WritePin  stm32f1xx_hal_gpio.o
    0x08000ef8   0x08000ef8   0x0000000c   Code   RO          186    i.HAL_GetTick       stm32f1xx_hal.o
    0x08000f04   0x08000f04   0x00000188   Code   RO         1163    i.HAL_I2C_Init      stm32f1xx_hal_i2c.o
    0x0800108c   0x0800108c   0x00000130   Code   RO         1184    i.HAL_I2C_Mem_Write  stm32f1xx_hal_i2c.o
    0x080011bc   0x080011bc   0x00000070   Code   RO         5478    i.HAL_I2C_MspInit   i2c.o
    0x0800122c   0x0800122c   0x00000010   Code   RO          192    i.HAL_IncTick       stm32f1xx_hal.o
    0x0800123c   0x0800123c   0x00000024   Code   RO          193    i.HAL_Init          stm32f1xx_hal.o
    0x08001260   0x08001260   0x00000040   Code   RO          194    i.HAL_InitTick      stm32f1xx_hal.o
    0x080012a0   0x080012a0   0x00000048   Code   RO         5736    i.HAL_MspInit       stm32f1xx_hal_msp.o
    0x080012e8   0x080012e8   0x0000001a   Code   RO          652    i.HAL_NVIC_EnableIRQ  stm32f1xx_hal_cortex.o
    0x08001302   0x08001302   0x00000002   PAD
    0x08001304   0x08001304   0x00000040   Code   RO          658    i.HAL_NVIC_SetPriority  stm32f1xx_hal_cortex.o
    0x08001344   0x08001344   0x00000024   Code   RO          659    i.HAL_NVIC_SetPriorityGrouping  stm32f1xx_hal_cortex.o
    0x08001368   0x08001368   0x0000012c   Code   RO          350    i.HAL_RCC_ClockConfig  stm32f1xx_hal_rcc.o
    0x08001494   0x08001494   0x00000020   Code   RO          357    i.HAL_RCC_GetPCLK1Freq  stm32f1xx_hal_rcc.o
    0x080014b4   0x080014b4   0x00000020   Code   RO          358    i.HAL_RCC_GetPCLK2Freq  stm32f1xx_hal_rcc.o
    0x080014d4   0x080014d4   0x0000004c   Code   RO          359    i.HAL_RCC_GetSysClockFreq  stm32f1xx_hal_rcc.o
    0x08001520   0x08001520   0x00000320   Code   RO          362    i.HAL_RCC_OscConfig  stm32f1xx_hal_rcc.o
    0x08001840   0x08001840   0x00000028   Code   RO          663    i.HAL_SYSTICK_Config  stm32f1xx_hal_cortex.o
    0x08001868   0x08001868   0x00000054   Code   RO         2298    i.HAL_TIMEx_ConfigBreakDeadTime  stm32f1xx_hal_tim_ex.o
    0x080018bc   0x080018bc   0x00000068   Code   RO         2314    i.HAL_TIMEx_MasterConfigSynchronization  stm32f1xx_hal_tim_ex.o
    0x08001924   0x08001924   0x0000005a   Code   RO         1591    i.HAL_TIM_Base_Init  stm32f1xx_hal_tim.o
    0x0800197e   0x0800197e   0x00000002   PAD
    0x08001980   0x08001980   0x00000028   Code   RO         5520    i.HAL_TIM_Base_MspInit  tim.o
    0x080019a8   0x080019a8   0x000000dc   Code   RO         1600    i.HAL_TIM_ConfigClockSource  stm32f1xx_hal_tim.o
    0x08001a84   0x08001a84   0x000000a4   Code   RO         1612    i.HAL_TIM_Encoder_Init  stm32f1xx_hal_tim.o
    0x08001b28   0x08001b28   0x0000008c   Code   RO         5522    i.HAL_TIM_Encoder_MspInit  tim.o
    0x08001bb4   0x08001bb4   0x0000008e   Code   RO         1615    i.HAL_TIM_Encoder_Start  stm32f1xx_hal_tim.o
    0x08001c42   0x08001c42   0x00000002   PAD
    0x08001c44   0x08001c44   0x0000004c   Code   RO         5523    i.HAL_TIM_MspPostInit  tim.o
    0x08001c90   0x08001c90   0x000000cc   Code   RO         1663    i.HAL_TIM_PWM_ConfigChannel  stm32f1xx_hal_tim.o
    0x08001d5c   0x08001d5c   0x0000005a   Code   RO         1666    i.HAL_TIM_PWM_Init  stm32f1xx_hal_tim.o
    0x08001db6   0x08001db6   0x00000002   PAD
    0x08001db8   0x08001db8   0x00000028   Code   RO         5525    i.HAL_TIM_PWM_MspInit  tim.o
    0x08001de0   0x08001de0   0x0000009c   Code   RO         1671    i.HAL_TIM_PWM_Start  stm32f1xx_hal_tim.o
    0x08001e7c   0x08001e7c   0x00000002   Code   RO         2574    i.HAL_UARTEx_RxEventCallback  stm32f1xx_hal_uart.o
    0x08001e7e   0x08001e7e   0x00000002   Code   RO         2588    i.HAL_UART_ErrorCallback  stm32f1xx_hal_uart.o
    0x08001e80   0x08001e80   0x0000026c   Code   RO         2591    i.HAL_UART_IRQHandler  stm32f1xx_hal_uart.o
    0x080020ec   0x080020ec   0x00000064   Code   RO         2592    i.HAL_UART_Init     stm32f1xx_hal_uart.o
    0x08002150   0x08002150   0x00000080   Code   RO         5610    i.HAL_UART_MspInit  usart.o
    0x080021d0   0x080021d0   0x0000001c   Code   RO         2597    i.HAL_UART_Receive_IT  stm32f1xx_hal_uart.o
    0x080021ec   0x080021ec   0x00000002   Code   RO         2598    i.HAL_UART_RxCpltCallback  stm32f1xx_hal_uart.o
    0x080021ee   0x080021ee   0x00000002   Code   RO         2603    i.HAL_UART_TxCpltCallback  stm32f1xx_hal_uart.o
    0x080021f0   0x080021f0   0x00000002   Code   RO         5655    i.HardFault_Handler  stm32f1xx_it.o
    0x080021f2   0x080021f2   0x0000002e   Code   RO         1206    i.I2C_IsAcknowledgeFailed  stm32f1xx_hal_i2c.o
    0x08002220   0x08002220   0x000000a8   Code   RO         1217    i.I2C_RequestMemoryWrite  stm32f1xx_hal_i2c.o
    0x080022c8   0x080022c8   0x00000056   Code   RO         1221    i.I2C_WaitOnBTFFlagUntilTimeout  stm32f1xx_hal_i2c.o
    0x0800231e   0x0800231e   0x00000002   PAD
    0x08002320   0x08002320   0x00000090   Code   RO         1222    i.I2C_WaitOnFlagUntilTimeout  stm32f1xx_hal_i2c.o
    0x080023b0   0x080023b0   0x000000bc   Code   RO         1223    i.I2C_WaitOnMasterAddressFlagUntilTimeout  stm32f1xx_hal_i2c.o
    0x0800246c   0x0800246c   0x00000056   Code   RO         1225    i.I2C_WaitOnTXEFlagUntilTimeout  stm32f1xx_hal_i2c.o
    0x080024c2   0x080024c2   0x00000002   PAD
    0x080024c4   0x080024c4   0x00000040   Code   RO         4351    i.IIC_Ack           iic.o
    0x08002504   0x08002504   0x0000000c   Code   RO         4353    i.IIC_Delay         iic.o
    0x08002510   0x08002510   0x0000003c   Code   RO         4354    i.IIC_GPIO_Init     iic.o
    0x0800254c   0x0800254c   0x00000038   Code   RO         4355    i.IIC_NAck          iic.o
    0x08002584   0x08002584   0x00000058   Code   RO         4356    i.IIC_Read_Byte     iic.o
    0x080025dc   0x080025dc   0x0000005c   Code   RO         4357    i.IIC_Send_Byte     iic.o
    0x08002638   0x08002638   0x00000040   Code   RO         4358    i.IIC_Start         iic.o
    0x08002678   0x08002678   0x00000030   Code   RO         4359    i.IIC_Stop          iic.o
    0x080026a8   0x080026a8   0x00000048   Code   RO         4360    i.IIC_Wait_Ack      iic.o
    0x080026f0   0x080026f0   0x0000002a   Code   RO         5112    i.Limit             motor.o
    0x0800271a   0x0800271a   0x00000002   PAD
    0x0800271c   0x0800271c   0x0000007c   Code   RO         5113    i.Load              motor.o
    0x08002798   0x08002798   0x00000032   Code   RO         4983    i.MPU_Get_Accelerometer  mpu6050.o
    0x080027ca   0x080027ca   0x00000032   Code   RO         4984    i.MPU_Get_Gyroscope  mpu6050.o
    0x080027fc   0x080027fc   0x00000076   Code   RO         4986    i.MPU_Init          mpu6050.o
    0x08002872   0x08002872   0x0000003a   Code   RO         4987    i.MPU_Read_Byte     mpu6050.o
    0x080028ac   0x080028ac   0x0000006c   Code   RO         4988    i.MPU_Read_Len      mpu6050.o
    0x08002918   0x08002918   0x0000000a   Code   RO         4989    i.MPU_Set_Accel_Fsr  mpu6050.o
    0x08002922   0x08002922   0x0000000a   Code   RO         4990    i.MPU_Set_Gyro_Fsr  mpu6050.o
    0x0800292c   0x0800292c   0x00000030   Code   RO         4991    i.MPU_Set_LPF       mpu6050.o
    0x0800295c   0x0800295c   0x0000002e   Code   RO         4992    i.MPU_Set_Rate      mpu6050.o
    0x0800298a   0x0800298a   0x0000003c   Code   RO         4993    i.MPU_Write_Byte    mpu6050.o
    0x080029c6   0x080029c6   0x00000052   Code   RO         4994    i.MPU_Write_Len     mpu6050.o
    0x08002a18   0x08002a18   0x00000068   Code   RO         5424    i.MX_FREERTOS_Init  freertos.o
    0x08002a80   0x08002a80   0x000000e8   Code   RO         5397    i.MX_GPIO_Init      gpio.o
    0x08002b68   0x08002b68   0x00000040   Code   RO         5479    i.MX_I2C1_Init      i2c.o
    0x08002ba8   0x08002ba8   0x000000b4   Code   RO         5526    i.MX_TIM1_Init      tim.o
    0x08002c5c   0x08002c5c   0x00000068   Code   RO         5527    i.MX_TIM2_Init      tim.o
    0x08002cc4   0x08002cc4   0x00000068   Code   RO         5528    i.MX_TIM3_Init      tim.o
    0x08002d2c   0x08002d2c   0x0000006c   Code   RO         5529    i.MX_TIM4_Init      tim.o
    0x08002d98   0x08002d98   0x00000038   Code   RO         5611    i.MX_USART3_UART_Init  usart.o
    0x08002dd0   0x08002dd0   0x00000002   Code   RO         5656    i.MemManage_Handler  stm32f1xx_it.o
    0x08002dd2   0x08002dd2   0x00000002   Code   RO         5657    i.NMI_Handler       stm32f1xx_it.o
    0x08002dd4   0x08002dd4   0x00000034   Code   RO         4235    i.OLED_Clear        oled.o
    0x08002e08   0x08002e08   0x00000010   Code   RO         4238    i.OLED_Init         oled.o
    0x08002e18   0x08002e18   0x00000022   Code   RO         4240    i.OLED_Set_Pos      oled.o
    0x08002e3a   0x08002e3a   0x00000002   PAD
    0x08002e3c   0x08002e3c   0x00000088   Code   RO         4242    i.OLED_ShowChar     oled.o
    0x08002ec4   0x08002ec4   0x00000036   Code   RO         4244    i.OLED_ShowString   oled.o
    0x08002efa   0x08002efa   0x00000002   PAD
    0x08002efc   0x08002efc   0x00000024   Code   RO         4245    i.OLED_WR_CMD       oled.o
    0x08002f20   0x08002f20   0x00000024   Code   RO         4246    i.OLED_WR_DATA      oled.o
    0x08002f44   0x08002f44   0x0000000c   Code   RO         5158    i.Read_Speed        encoder.o
    0x08002f50   0x08002f50   0x00000008   Code   RO         5425    i.StartDefaultTask  freertos.o
    0x08002f58   0x08002f58   0x00000030   Code   RO         5114    i.Stop              motor.o
    0x08002f88   0x08002f88   0x00000018   Code   RO         5658    i.SysTick_Handler   stm32f1xx_it.o
    0x08002fa0   0x08002fa0   0x0000005e   Code   RO         5189    i.SystemClock_Config  main.o
    0x08002ffe   0x08002ffe   0x00000002   Code   RO           14    i.SystemInit        system_stm32f1xx.o
    0x08003000   0x08003000   0x0000006c   Code   RO         1684    i.TIM_Base_SetConfig  stm32f1xx_hal_tim.o
    0x0800306c   0x0800306c   0x0000001a   Code   RO         1685    i.TIM_CCxChannelCmd  stm32f1xx_hal_tim.o
    0x08003086   0x08003086   0x00000014   Code   RO         1695    i.TIM_ETR_SetConfig  stm32f1xx_hal_tim.o
    0x0800309a   0x0800309a   0x00000010   Code   RO         1696    i.TIM_ITRx_SetConfig  stm32f1xx_hal_tim.o
    0x080030aa   0x080030aa   0x00000002   PAD
    0x080030ac   0x080030ac   0x00000050   Code   RO         1697    i.TIM_OC1_SetConfig  stm32f1xx_hal_tim.o
    0x080030fc   0x080030fc   0x00000058   Code   RO         1698    i.TIM_OC2_SetConfig  stm32f1xx_hal_tim.o
    0x08003154   0x08003154   0x00000058   Code   RO         1699    i.TIM_OC3_SetConfig  stm32f1xx_hal_tim.o
    0x080031ac   0x080031ac   0x00000044   Code   RO         1700    i.TIM_OC4_SetConfig  stm32f1xx_hal_tim.o
    0x080031f0   0x080031f0   0x00000022   Code   RO         1702    i.TIM_TI1_ConfigInputStage  stm32f1xx_hal_tim.o
    0x08003212   0x08003212   0x00000024   Code   RO         1704    i.TIM_TI2_ConfigInputStage  stm32f1xx_hal_tim.o
    0x08003236   0x08003236   0x00000002   PAD
    0x08003238   0x08003238   0x0000002c   Code   RO         5760    i.Turn              control_task.o
    0x08003264   0x08003264   0x00000010   Code   RO         2605    i.UART_DMAAbortOnError  stm32f1xx_hal_uart.o
    0x08003274   0x08003274   0x0000004e   Code   RO         2615    i.UART_EndRxTransfer  stm32f1xx_hal_uart.o
    0x080032c2   0x080032c2   0x000000c2   Code   RO         2617    i.UART_Receive_IT   stm32f1xx_hal_uart.o
    0x08003384   0x08003384   0x000000b8   Code   RO         2618    i.UART_SetConfig    stm32f1xx_hal_uart.o
    0x0800343c   0x0800343c   0x00000036   Code   RO         2620    i.UART_Start_Receive_IT  stm32f1xx_hal_uart.o
    0x08003472   0x08003472   0x00000002   PAD
    0x08003474   0x08003474   0x00000060   Code   RO         5659    i.USART3_IRQHandler  stm32f1xx_it.o
    0x080034d4   0x080034d4   0x00000002   Code   RO         5660    i.UsageFault_Handler  stm32f1xx_it.o
    0x080034d6   0x080034d6   0x00000002   PAD
    0x080034d8   0x080034d8   0x000000ac   Code   RO         5761    i.Velocity          control_task.o
    0x08003584   0x08003584   0x00000034   Code   RO         5762    i.Vertical          control_task.o
    0x080035b8   0x080035b8   0x00000034   Code   RO         4247    i.WriteCmd          oled.o
    0x080035ec   0x080035ec   0x00000028   Code   RO         6162    i.__0sprintf        mc_w.l(printfa.o)
    0x08003614   0x08003614   0x00000028   Code   RO         6240    i.__ARM_fpclassify  m_ws.l(fpclassify.o)
    0x0800363c   0x0800363c   0x00000020   Code   RO          665    i.__NVIC_SetPriority  stm32f1xx_hal_cortex.o
    0x0800365c   0x0800365c   0x000000aa   Code   RO         6242    i.__kernel_poly     m_ws.l(poly.o)
    0x08003706   0x08003706   0x00000006   Code   RO         6227    i.__mathlib_dbl_infnan  m_ws.l(dunder.o)
    0x0800370c   0x0800370c   0x00000004   Code   RO         6228    i.__mathlib_dbl_infnan2  m_ws.l(dunder.o)
    0x08003710   0x08003710   0x0000000c   Code   RO         6229    i.__mathlib_dbl_invalid  m_ws.l(dunder.o)
    0x0800371c   0x0800371c   0x00000010   Code   RO         6232    i.__mathlib_dbl_underflow  m_ws.l(dunder.o)
    0x0800372c   0x0800372c   0x0000000e   Code   RO         6306    i.__scatterload_copy  mc_w.l(handlers.o)
    0x0800373a   0x0800373a   0x00000002   Code   RO         6307    i.__scatterload_null  mc_w.l(handlers.o)
    0x0800373c   0x0800373c   0x0000000e   Code   RO         6308    i.__scatterload_zeroinit  mc_w.l(handlers.o)
    0x0800374a   0x0800374a   0x00000002   PAD
    0x0800374c   0x0800374c   0x0000000c   Code   RO         6280    i.__set_errno       mc_w.l(errno.o)
    0x08003758   0x08003758   0x00000184   Code   RO         6167    i._fp_digits        mc_w.l(printfa.o)
    0x080038dc   0x080038dc   0x000006dc   Code   RO         6168    i._printf_core      mc_w.l(printfa.o)
    0x08003fb8   0x08003fb8   0x00000024   Code   RO         6169    i._printf_post_padding  mc_w.l(printfa.o)
    0x08003fdc   0x08003fdc   0x0000002e   Code   RO         6170    i._printf_pre_padding  mc_w.l(printfa.o)
    0x0800400a   0x0800400a   0x0000000a   Code   RO         6172    i._sputc            mc_w.l(printfa.o)
    0x08004014   0x08004014   0x00000080   Code   RO         4434    i.accel_self_test   inv_mpu.o
    0x08004094   0x08004094   0x00000270   Code   RO         5893    i.asin              m_ws.l(asin.o)
    0x08004304   0x08004304   0x00000220   Code   RO         6217    i.atan              m_ws.l(atan.o)
    0x08004524   0x08004524   0x00000180   Code   RO         5903    i.atan2             m_ws.l(atan2.o)
    0x080046a4   0x080046a4   0x00000028   Code   RO         5870    i.ble_task          ble_task.o
    0x080046cc   0x080046cc   0x00000188   Code   RO         5763    i.control_task      control_task.o
    0x08004854   0x08004854   0x0000003a   Code   RO         4794    i.dmp_enable_6x_lp_quat  inv_mpu_dmp_motion_driver.o
    0x0800488e   0x0800488e   0x00000002   PAD
    0x08004890   0x08004890   0x000001d8   Code   RO         4795    i.dmp_enable_feature  inv_mpu_dmp_motion_driver.o
    0x08004a68   0x08004a68   0x0000003c   Code   RO         4796    i.dmp_enable_gyro_cal  inv_mpu_dmp_motion_driver.o
    0x08004aa4   0x08004aa4   0x0000003a   Code   RO         4797    i.dmp_enable_lp_quat  inv_mpu_dmp_motion_driver.o
    0x08004ade   0x08004ade   0x00000002   PAD
    0x08004ae0   0x08004ae0   0x00000014   Code   RO         4802    i.dmp_load_motion_driver_firmware  inv_mpu_dmp_motion_driver.o
    0x08004af4   0x08004af4   0x00000144   Code   RO         4803    i.dmp_read_fifo     inv_mpu_dmp_motion_driver.o
    0x08004c38   0x08004c38   0x000000d8   Code   RO         4806    i.dmp_set_accel_bias  inv_mpu_dmp_motion_driver.o
    0x08004d10   0x08004d10   0x00000064   Code   RO         4807    i.dmp_set_fifo_rate  inv_mpu_dmp_motion_driver.o
    0x08004d74   0x08004d74   0x000000cc   Code   RO         4808    i.dmp_set_gyro_bias  inv_mpu_dmp_motion_driver.o
    0x08004e40   0x08004e40   0x0000010c   Code   RO         4810    i.dmp_set_orientation  inv_mpu_dmp_motion_driver.o
    0x08004f4c   0x08004f4c   0x00000030   Code   RO         4813    i.dmp_set_shake_reject_thresh  inv_mpu_dmp_motion_driver.o
    0x08004f7c   0x08004f7c   0x00000020   Code   RO         4814    i.dmp_set_shake_reject_time  inv_mpu_dmp_motion_driver.o
    0x08004f9c   0x08004f9c   0x00000020   Code   RO         4815    i.dmp_set_shake_reject_timeout  inv_mpu_dmp_motion_driver.o
    0x08004fbc   0x08004fbc   0x00000040   Code   RO         4816    i.dmp_set_tap_axes  inv_mpu_dmp_motion_driver.o
    0x08004ffc   0x08004ffc   0x00000022   Code   RO         4817    i.dmp_set_tap_count  inv_mpu_dmp_motion_driver.o
    0x0800501e   0x0800501e   0x00000002   PAD
    0x08005020   0x08005020   0x00000128   Code   RO         4818    i.dmp_set_tap_thresh  inv_mpu_dmp_motion_driver.o
    0x08005148   0x08005148   0x00000020   Code   RO         4819    i.dmp_set_tap_time  inv_mpu_dmp_motion_driver.o
    0x08005168   0x08005168   0x00000020   Code   RO         4820    i.dmp_set_tap_time_multi  inv_mpu_dmp_motion_driver.o
    0x08005188   0x08005188   0x000000ac   Code   RO         4435    i.get_accel_prod_shift  inv_mpu.o
    0x08005234   0x08005234   0x00000314   Code   RO         4436    i.get_st_biases     inv_mpu.o
    0x08005548   0x08005548   0x000000d4   Code   RO         4437    i.gyro_self_test    inv_mpu.o
    0x0800561c   0x0800561c   0x00000022   Code   RO         4438    i.inv_orientation_matrix_to_scalar  inv_mpu.o
    0x0800563e   0x0800563e   0x00000048   Code   RO         4439    i.inv_row_2_scale   inv_mpu.o
    0x08005686   0x08005686   0x00000002   PAD
    0x08005688   0x08005688   0x000000cc   Code   RO         5190    i.main              main.o
    0x08005754   0x08005754   0x0000000c   Code   RO         3724    i.makeFreeRtosPriority  cmsis_os.o
    0x08005760   0x08005760   0x00000002   Code   RO         4440    i.mget_ms           inv_mpu.o
    0x08005762   0x08005762   0x00000002   PAD
    0x08005764   0x08005764   0x00000054   Code   RO         4441    i.mpu_configure_fifo  inv_mpu.o
    0x080057b8   0x080057b8   0x0000019c   Code   RO         4442    i.mpu_dmp_get_data  inv_mpu.o
    0x08005954   0x08005954   0x0000009c   Code   RO         4443    i.mpu_dmp_init      inv_mpu.o
    0x080059f0   0x080059f0   0x0000003c   Code   RO         4444    i.mpu_get_accel_fsr  inv_mpu.o
    0x08005a2c   0x08005a2c   0x00000044   Code   RO         4446    i.mpu_get_accel_sens  inv_mpu.o
    0x08005a70   0x08005a70   0x00000034   Code   RO         4452    i.mpu_get_gyro_fsr  inv_mpu.o
    0x08005aa4   0x08005aa4   0x00000040   Code   RO         4454    i.mpu_get_gyro_sens  inv_mpu.o
    0x08005ae4   0x08005ae4   0x00000038   Code   RO         4456    i.mpu_get_lpf       inv_mpu.o
    0x08005b1c   0x08005b1c   0x0000001c   Code   RO         4458    i.mpu_get_sample_rate  inv_mpu.o
    0x08005b38   0x08005b38   0x00000124   Code   RO         4460    i.mpu_init          inv_mpu.o
    0x08005c5c   0x08005c5c   0x000000a0   Code   RO         4461    i.mpu_load_firmware  inv_mpu.o
    0x08005cfc   0x08005cfc   0x000000b8   Code   RO         4462    i.mpu_lp_accel_mode  inv_mpu.o
    0x08005db4   0x08005db4   0x00000090   Code   RO         4465    i.mpu_read_fifo_stream  inv_mpu.o
    0x08005e44   0x08005e44   0x00000054   Code   RO         4466    i.mpu_read_mem      inv_mpu.o
    0x08005e98   0x08005e98   0x00000160   Code   RO         4469    i.mpu_reset_fifo    inv_mpu.o
    0x08005ff8   0x08005ff8   0x000000f0   Code   RO         4470    i.mpu_run_self_test  inv_mpu.o
    0x080060e8   0x080060e8   0x00000068   Code   RO         4472    i.mpu_set_accel_fsr  inv_mpu.o
    0x08006150   0x08006150   0x000000dc   Code   RO         4473    i.mpu_set_bypass    inv_mpu.o
    0x0800622c   0x0800622c   0x00000078   Code   RO         4475    i.mpu_set_dmp_state  inv_mpu.o
    0x080062a4   0x080062a4   0x0000006c   Code   RO         4476    i.mpu_set_gyro_fsr  inv_mpu.o
    0x08006310   0x08006310   0x00000064   Code   RO         4477    i.mpu_set_int_latched  inv_mpu.o
    0x08006374   0x08006374   0x0000006c   Code   RO         4479    i.mpu_set_lpf       inv_mpu.o
    0x080063e0   0x080063e0   0x00000080   Code   RO         4480    i.mpu_set_sample_rate  inv_mpu.o
    0x08006460   0x08006460   0x000000b8   Code   RO         4481    i.mpu_set_sensors   inv_mpu.o
    0x08006518   0x08006518   0x00000054   Code   RO         4482    i.mpu_write_mem     inv_mpu.o
    0x0800656c   0x0800656c   0x0000000e   Code   RO         3726    i.osDelay           cmsis_os.o
    0x0800657a   0x0800657a   0x0000000a   Code   RO         3729    i.osKernelStart     cmsis_os.o
    0x08006584   0x08006584   0x00000054   Code   RO         3763    i.osThreadCreate    cmsis_os.o
    0x080065d8   0x080065d8   0x00000070   Code   RO         3415    i.prvAddCurrentTaskToDelayedList  tasks.o
    0x08006648   0x08006648   0x000000d0   Code   RO         3416    i.prvAddNewTaskToReadyList  tasks.o
    0x08006718   0x08006718   0x0000006c   Code   RO         3098    i.prvCopyDataToQueue  queue.o
    0x08006784   0x08006784   0x00000034   Code   RO         3417    i.prvDeleteTCB      tasks.o
    0x080067b8   0x080067b8   0x0000004c   Code   RO         4094    i.prvHeapInit       heap_4.o
    0x08006804   0x08006804   0x00000060   Code   RO         3418    i.prvIdleTask       tasks.o
    0x08006864   0x08006864   0x00000016   Code   RO         3099    i.prvInitialiseMutex  queue.o
    0x0800687a   0x0800687a   0x00000016   Code   RO         3100    i.prvInitialiseNewQueue  queue.o
    0x08006890   0x08006890   0x0000008e   Code   RO         3419    i.prvInitialiseNewTask  tasks.o
    0x0800691e   0x0800691e   0x00000002   PAD
    0x08006920   0x08006920   0x0000004c   Code   RO         4095    i.prvInsertBlockIntoFreeList  heap_4.o
    0x0800696c   0x0800696c   0x0000001c   Code   RO         3101    i.prvIsQueueEmpty   queue.o
    0x08006988   0x08006988   0x00000020   Code   RO         3420    i.prvResetNextTaskUnblockTime  tasks.o
    0x080069a8   0x080069a8   0x00000028   Code   RO         4156    i.prvTaskExitError  port.o
    0x080069d0   0x080069d0   0x0000006a   Code   RO         3102    i.prvUnlockQueue    queue.o
    0x08006a3a   0x08006a3a   0x00000002   PAD
    0x08006a3c   0x08006a3c   0x000000d8   Code   RO         4096    i.pvPortMalloc      heap_4.o
    0x08006b14   0x08006b14   0x00000018   Code   RO         3422    i.pvTaskIncrementMutexHeldCount  tasks.o
    0x08006b2c   0x08006b2c   0x00000024   Code   RO         4157    i.pxPortInitialiseStack  port.o
    0x08006b50   0x08006b50   0x00000080   Code   RO         4483    i.run_self_test     inv_mpu.o
    0x08006bd0   0x08006bd0   0x00000058   Code   RO         4484    i.set_int_enable    inv_mpu.o
    0x08006c28   0x08006c28   0x0000004c   Code   RO         6246    i.sqrt              m_ws.l(sqrt.o)
    0x08006c74   0x08006c74   0x000000ec   Code   RO         5813    i.ui_task           ui_task.o
    0x08006d60   0x08006d60   0x00000026   Code   RO         3057    i.uxListRemove      list.o
    0x08006d86   0x08006d86   0x00000002   PAD
    0x08006d88   0x08006d88   0x00000014   Code   RO         5426    i.vApplicationGetIdleTaskMemory  freertos.o
    0x08006d9c   0x08006d9c   0x00000016   Code   RO         3058    i.vListInitialise   list.o
    0x08006db2   0x08006db2   0x00000006   Code   RO         3059    i.vListInitialiseItem  list.o
    0x08006db8   0x08006db8   0x00000030   Code   RO         3060    i.vListInsert       list.o
    0x08006de8   0x08006de8   0x00000018   Code   RO         3061    i.vListInsertEnd    list.o
    0x08006e00   0x08006e00   0x00000040   Code   RO         4159    i.vPortEnterCritical  port.o
    0x08006e40   0x08006e40   0x00000028   Code   RO         4160    i.vPortExitCritical  port.o
    0x08006e68   0x08006e68   0x0000005c   Code   RO         4097    i.vPortFree         heap_4.o
    0x08006ec4   0x08006ec4   0x00000024   Code   RO         4161    i.vPortSetupTimerInterrupt  port.o
    0x08006ee8   0x08006ee8   0x0000004c   Code   RO         3428    i.vTaskDelay        tasks.o
    0x08006f34   0x08006f34   0x0000008c   Code   RO         3429    i.vTaskDelayUntil   tasks.o
    0x08006fc0   0x08006fc0   0x00000010   Code   RO         3432    i.vTaskInternalSetTimeOutState  tasks.o
    0x08006fd0   0x08006fd0   0x0000000c   Code   RO         3433    i.vTaskMissedYield  tasks.o
    0x08006fdc   0x08006fdc   0x00000030   Code   RO         3435    i.vTaskPlaceOnEventList  tasks.o
    0x0800700c   0x0800700c   0x000000a8   Code   RO         3437    i.vTaskPriorityDisinheritAfterTimeout  tasks.o
    0x080070b4   0x080070b4   0x0000006c   Code   RO         3442    i.vTaskStartScheduler  tasks.o
    0x08007120   0x08007120   0x00000010   Code   RO         3444    i.vTaskSuspendAll   tasks.o
    0x08007130   0x08007130   0x0000005c   Code   RO         3445    i.vTaskSwitchContext  tasks.o
    0x0800718c   0x0800718c   0x000000a8   Code   RO         4163    i.xPortStartScheduler  port.o
    0x08007234   0x08007234   0x0000002c   Code   RO         4164    i.xPortSysTickHandler  port.o
    0x08007260   0x08007260   0x00000016   Code   RO         3109    i.xQueueCreateMutex  queue.o
    0x08007276   0x08007276   0x00000048   Code   RO         3111    i.xQueueGenericCreate  queue.o
    0x080072be   0x080072be   0x00000002   PAD
    0x080072c0   0x080072c0   0x00000088   Code   RO         3113    i.xQueueGenericReset  queue.o
    0x08007348   0x08007348   0x00000160   Code   RO         3114    i.xQueueGenericSend  queue.o
    0x080074a8   0x080074a8   0x00000178   Code   RO         3123    i.xQueueSemaphoreTake  queue.o
    0x08007620   0x08007620   0x00000074   Code   RO         3446    i.xTaskCheckForTimeOut  tasks.o
    0x08007694   0x08007694   0x0000005a   Code   RO         3447    i.xTaskCreate       tasks.o
    0x080076ee   0x080076ee   0x00000056   Code   RO         3448    i.xTaskCreateStatic  tasks.o
    0x08007744   0x08007744   0x0000001c   Code   RO         3452    i.xTaskGetSchedulerState  tasks.o
    0x08007760   0x08007760   0x0000000c   Code   RO         3453    i.xTaskGetTickCount  tasks.o
    0x0800776c   0x0800776c   0x000000c8   Code   RO         3455    i.xTaskIncrementTick  tasks.o
    0x08007834   0x08007834   0x00000098   Code   RO         3458    i.xTaskPriorityDisinherit  tasks.o
    0x080078cc   0x080078cc   0x00000094   Code   RO         3459    i.xTaskPriorityInherit  tasks.o
    0x08007960   0x08007960   0x00000074   Code   RO         3460    i.xTaskRemoveFromEventList  tasks.o
    0x080079d4   0x080079d4   0x000000c4   Code   RO         3461    i.xTaskResumeAll    tasks.o
    0x08007a98   0x08007a98   0x00000010   Data   RO           15    .constdata          system_stm32f1xx.o
    0x08007aa8   0x08007aa8   0x00000008   Data   RO           16    .constdata          system_stm32f1xx.o
    0x08007ab0   0x08007ab0   0x00000012   Data   RO          363    .constdata          stm32f1xx_hal_rcc.o
    0x08007ac2   0x08007ac2   0x000009c8   Data   RO         4249    .constdata          oled.o
    0x0800848a   0x0800848a   0x0000001b   Data   RO         4486    .constdata          inv_mpu.o
    0x080084a5   0x080084a5   0x00000001   PAD
    0x080084a6   0x080084a6   0x0000000c   Data   RO         4487    .constdata          inv_mpu.o
    0x080084b2   0x080084b2   0x00000002   PAD
    0x080084b4   0x080084b4   0x00000028   Data   RO         4488    .constdata          inv_mpu.o
    0x080084dc   0x080084dc   0x00000bf6   Data   RO         4822    .constdata          inv_mpu_dmp_motion_driver.o
    0x080090d2   0x080090d2   0x00000002   PAD
    0x080090d4   0x080090d4   0x00000070   Data   RO         5428    .constdata          freertos.o
    0x08009144   0x08009144   0x00000004   PAD
    0x08009148   0x08009148   0x00000050   Data   RO         5894    .constdata          m_ws.l(asin.o)
    0x08009198   0x08009198   0x00000098   Data   RO         6218    .constdata          m_ws.l(atan.o)
    0x08009230   0x08009230   0x00000008   Data   RO         6244    .constdata          m_ws.l(qnan.o)
    0x08009238   0x08009238   0x0000002d   Data   RO         5429    .conststring        freertos.o
    0x08009265   0x08009265   0x00000003   PAD
    0x08009268   0x08009268   0x00000020   Data   RO         6304    Region$$Table       anon$$obj.o


    Execution Region RW_IRAM1 (Exec base: 0x20000000, Load base: 0x08009288, Size: 0x00001678, Max: 0x00005000, ABSOLUTE, COMPRESSED[0x0000005c])

    Exec Addr    Load Addr    Size         Type   Attr      Idx    E Section Name        Object

    0x20000000   COMPRESSED   0x00000004   Data   RW           17    .data               system_stm32f1xx.o
    0x20000004   COMPRESSED   0x0000000c   Data   RW          200    .data               stm32f1xx_hal.o
    0x20000010   COMPRESSED   0x0000003c   Data   RW         3464    .data               tasks.o
    0x2000004c   COMPRESSED   0x00000018   Data   RW         4102    .data               heap_4.o
    0x20000064   COMPRESSED   0x0000000c   Data   RW         4165    .data               port.o
    0x20000070   COMPRESSED   0x0000001b   Data   RW         4250    .data               oled.o
    0x2000008b   COMPRESSED   0x00000001   PAD
    0x2000008c   COMPRESSED   0x00000035   Data   RW         4489    .data               inv_mpu.o
    0x200000c1   COMPRESSED   0x00000003   PAD
    0x200000c4   COMPRESSED   0x00000004   Data   RW         5430    .data               freertos.o
    0x200000c8   COMPRESSED   0x00000004   Data   RW         5431    .data               freertos.o
    0x200000cc   COMPRESSED   0x00000010   Data   RW         5433    .data               freertos.o
    0x200000dc   COMPRESSED   0x00000007   Data   RW         5661    .data               stm32f1xx_it.o
    0x200000e3   COMPRESSED   0x00000001   PAD
    0x200000e4   COMPRESSED   0x00000068   Data   RW         5764    .data               control_task.o
    0x2000014c   COMPRESSED   0x00000004   Data   RW         6281    .data               mc_w.l(errno.o)
    0x20000150        -       0x000000f0   Zero   RW         3463    .bss                tasks.o
    0x20000240        -       0x00000c00   Zero   RW         4101    .bss                heap_4.o
    0x20000e40        -       0x00000010   Zero   RW         4821    .bss                inv_mpu_dmp_motion_driver.o
    0x20000e50        -       0x00000014   Zero   RW         5191    .bss                main.o
    0x20000e64        -       0x00000254   Zero   RW         5427    .bss                freertos.o
    0x200010b8        -       0x00000054   Zero   RW         5480    .bss                i2c.o
    0x2000110c        -       0x00000120   Zero   RW         5530    .bss                tim.o
    0x2000122c        -       0x00000048   Zero   RW         5612    .bss                usart.o
    0x20001274   COMPRESSED   0x00000004   PAD
    0x20001278        -       0x00000400   Zero   RW            1    STACK               startup_stm32f103xb.o


==============================================================================

Image component sizes


      Code (inc. data)   RO Data    RW Data    ZI Data      Debug   Object Name

        40         10          0          0          0        459   ble_task.o
       120          0          0          0          0      24949   cmsis_os.o
       660         56          0        104          0       4574   control_task.o
         0          0          0          0          0       7464   croutine.o
        12          0          0          0          0        797   encoder.o
         0          0          0          0          0      20764   event_groups.o
       132         12        157         24        596       2908   freertos.o
       232         22          0          0          0       1019   gpio.o
       460         24          0         24       3072       7311   heap_4.o
       176         30          0          0         84       1697   i2c.o
       556         46          0          0          0       5447   iic.o
      5216        210         79         53          0      29958   inv_mpu.o
      2350        118       3062          0         16      19510   inv_mpu_dmp_motion_driver.o
       138          0          0          0          0       3466   list.o
       302         40          0          0         20     414796   main.o
       214         14          0          0          0       1694   motor.o
       640          0          0          0          0       7297   mpu6050.o
       416         28       2504         27          0       5693   oled.o
       578         60          0         12          0      10436   port.o
      1244         14          0          0          0      14217   queue.o
        36          8        236          0       1024        812   startup_stm32f103xb.o
       164         28          0         12          0       5973   stm32f1xx_hal.o
       198         14          0          0          0      29015   stm32f1xx_hal_cortex.o
       222          4          0          0          0       1795   stm32f1xx_hal_dma.o
       526         40          0          0          0       4679   stm32f1xx_hal_gpio.o
      1414         32          0          0          0       9471   stm32f1xx_hal_i2c.o
        72         10          0          0          0        890   stm32f1xx_hal_msp.o
      1240         84         18          0          0       5164   stm32f1xx_hal_rcc.o
      1630         46          0          0          0      13881   stm32f1xx_hal_tim.o
       188         12          0          0          0       2172   stm32f1xx_hal_tim_ex.o
      1282         10          0          0          0       9478   stm32f1xx_hal_uart.o
       144          8          0          7          0       5605   stm32f1xx_it.o
         0          0          0          0          0        424   stream_buffer.o
         2          0         24          4          0     435427   system_stm32f1xx.o
      2486        186          0         60        240      25937   tasks.o
       792         82          0          0        288       5543   tim.o
       236         72          0          0          0       1358   ui_task.o
       184         20          0          0         72       1718   usart.o

    ----------------------------------------------------------------------
     24352       1340       6124        332       5416    1143798   Object Totals
         0          0         32          0          0          0   (incl. Generated)
        50          0         12          5          4          0   (incl. Padding)

    ----------------------------------------------------------------------

      Code (inc. data)   RO Data    RW Data    ZI Data      Debug   Library Member Name

       624         52         80          0          0        168   asin.o
       544         70        152          0          0        124   atan.o
       384         38          0          0          0        144   atan2.o
        38          6          0          0          0        272   dunder.o
        40          0          0          0          0         68   fpclassify.o
       170          0          0          0          0         96   poly.o
         0          0          8          0          0          0   qnan.o
        76          0          0          0          0         84   sqrt.o
        86          0          0          0          0          0   __dczerorl2.o
         0          0          0          0          0          0   entry.o
         0          0          0          0          0          0   entry10a.o
         0          0          0          0          0          0   entry11a.o
         8          4          0          0          0          0   entry2.o
         4          0          0          0          0          0   entry5.o
         0          0          0          0          0          0   entry7b.o
         0          0          0          0          0          0   entry8b.o
         8          4          0          0          0          0   entry9a.o
        12          6          0          4          0         68   errno.o
        30          0          0          0          0          0   handlers.o
        36          8          0          0          0         68   init.o
         0          0          0          0          0          0   iusefp.o
        98          0          0          0          0         84   ldiv.o
        30          0          0          0          0         68   llshl.o
        36          0          0          0          0         68   llsshr.o
        32          0          0          0          0         68   llushr.o
        26          0          0          0          0         80   memcmp.o
        36          0          0          0          0         68   memcpya.o
        36          0          0          0          0        108   memseta.o
      2276         86          0          0          0        520   printfa.o
        44          0          0          0          0         80   uidiv.o
        98          0          0          0          0         92   uldiv.o
        48          0          0          0          0         68   cdrcmple.o
        56          0          0          0          0         88   d2f.o
       334          0          0          0          0        148   dadd.o
       222          0          0          0          0        100   ddiv.o
       186          0          0          0          0        176   depilogue.o
        48          0          0          0          0         68   dfixul.o
       228          0          0          0          0         96   dmul.o
        46          0          0          0          0         80   dscalb.o
       162          0          0          0          0        100   dsqrt.o
        38          0          0          0          0         68   f2d.o
       176          0          0          0          0        140   fadd.o
       124          0          0          0          0         88   fdiv.o
       110          0          0          0          0        168   fepilogue.o
        50          0          0          0          0         68   ffixi.o
        40          0          0          0          0         68   ffixui.o
        18          0          0          0          0         68   fflti.o
        10          0          0          0          0         68   ffltui.o
       100          0          0          0          0         76   fmul.o
        24          0          0          0          0         68   fscalb.o

    ----------------------------------------------------------------------
      6796        274        240          4          0       4132   Library Totals
         4          0          0          0          0          0   (incl. Padding)

    ----------------------------------------------------------------------

      Code (inc. data)   RO Data    RW Data    ZI Data      Debug   Library Name

      1876        166        240          0          0        956   m_ws.l
      2896        108          0          4          0       1372   mc_w.l
      2020          0          0          0          0       1804   mf_w.l

    ----------------------------------------------------------------------
      6796        274        240          4          0       4132   Library Totals

    ----------------------------------------------------------------------

==============================================================================


      Code (inc. data)   RO Data    RW Data    ZI Data      Debug   

     31148       1614       6364        336       5416    1133654   Grand Totals
     31148       1614       6364         92       5416    1133654   ELF Image Totals (compressed)
     31148       1614       6364         92          0          0   ROM Totals

==============================================================================

    Total RO  Size (Code + RO Data)                37512 (  36.63kB)
    Total RW  Size (RW Data + ZI Data)              5752 (   5.62kB)
    Total ROM Size (Code + RO Data + RW Data)      37604 (  36.72kB)

==============================================================================

